stm32l4xx_hal_lptim.c:394:13:HAL_LPTIM_MspInit	0	static
stm32l4xx_hal_lptim.c:222:19:HAL_LPTIM_Init	16	static
stm32l4xx_hal_lptim.c:409:13:HAL_LPTIM_MspDeInit	0	static
stm32l4xx_hal_lptim.c:352:19:HAL_LPTIM_DeInit	8	static
stm32l4xx_hal_lptim.c:458:19:HAL_LPTIM_PWM_Start	8	static
stm32l4xx_hal_lptim.c:530:19:HAL_LPTIM_PWM_Start_IT	12	static
stm32l4xx_hal_lptim.c:656:19:HAL_LPTIM_OnePulse_Start	8	static
stm32l4xx_hal_lptim.c:728:19:HAL_LPTIM_OnePulse_Start_IT	12	static
stm32l4xx_hal_lptim.c:854:19:HAL_LPTIM_SetOnce_Start	8	static
stm32l4xx_hal_lptim.c:926:19:HAL_LPTIM_SetOnce_Start_IT	12	static
stm32l4xx_hal_lptim.c:998:19:HAL_LPTIM_SetOnce_Stop_IT	0	static
stm32l4xx_hal_lptim.c:800:19:HAL_LPTIM_OnePulse_Stop_IT	0	static
stm32l4xx_hal_lptim.c:602:19:HAL_LPTIM_PWM_Stop_IT	0	static
stm32l4xx_hal_lptim.c:1050:19:HAL_LPTIM_Encoder_Start	8	static
stm32l4xx_hal_lptim.c:1109:19:HAL_LPTIM_Encoder_Stop	0	static
stm32l4xx_hal_lptim.c:1137:19:HAL_LPTIM_Encoder_Start_IT	8	static
stm32l4xx_hal_lptim.c:1203:19:HAL_LPTIM_Encoder_Stop_IT	0	static
stm32l4xx_hal_lptim.c:1241:19:HAL_LPTIM_TimeOut_Start	8	static
stm32l4xx_hal_lptim.c:1278:19:HAL_LPTIM_TimeOut_Stop	0	static
stm32l4xx_hal_lptim.c:1310:19:HAL_LPTIM_TimeOut_Start_IT	8	static
stm32l4xx_hal_lptim.c:1350:19:HAL_LPTIM_TimeOut_Stop_IT	0	static
stm32l4xx_hal_lptim.c:1381:19:HAL_LPTIM_Counter_Start	0	static
stm32l4xx_hal_lptim.c:1428:19:HAL_LPTIM_Counter_Stop	0	static
stm32l4xx_hal_lptim.c:899:19:HAL_LPTIM_SetOnce_Stop	0	static
stm32l4xx_hal_lptim.c:701:19:HAL_LPTIM_OnePulse_Stop	0	static
stm32l4xx_hal_lptim.c:503:19:HAL_LPTIM_PWM_Stop	0	static
stm32l4xx_hal_lptim.c:1453:19:HAL_LPTIM_Counter_Start_IT	0	static
stm32l4xx_hal_lptim.c:1514:19:HAL_LPTIM_Counter_Stop_IT	0	static
stm32l4xx_hal_lptim.c:1570:10:HAL_LPTIM_ReadCounter	0	static
stm32l4xx_hal_lptim.c:1583:10:HAL_LPTIM_ReadAutoReload	0	static
stm32l4xx_hal_lptim.c:1596:10:HAL_LPTIM_ReadCompare	0	static
stm32l4xx_hal_lptim.c:1793:13:HAL_LPTIM_CompareMatchCallback	0	static
stm32l4xx_hal_lptim.c:1808:13:HAL_LPTIM_AutoReloadMatchCallback	0	static
stm32l4xx_hal_lptim.c:1823:13:HAL_LPTIM_TriggerCallback	0	static
stm32l4xx_hal_lptim.c:1838:13:HAL_LPTIM_CompareWriteCallback	0	static
stm32l4xx_hal_lptim.c:1853:13:HAL_LPTIM_AutoReloadWriteCallback	0	static
stm32l4xx_hal_lptim.c:1868:13:HAL_LPTIM_DirectionUpCallback	0	static
stm32l4xx_hal_lptim.c:1883:13:HAL_LPTIM_DirectionDownCallback	0	static
stm32l4xx_hal_lptim.c:1629:6:HAL_LPTIM_IRQHandler	8	static
stm32l4xx_hal_lptim.c:2178:24:HAL_LPTIM_GetState	0	static
