Archive member included to satisfy reference by file (symbol)

c:/program files (x86)/atollic/truestudio for stm32 9.0.1/armtools/bin/../lib/gcc/arm-atollic-eabi/6.3.1/../../../../arm-atollic-eabi/lib/armv7e-m/fpu\libc_nano.a(lib_a-errno.o)
                              Src\syscalls.o (__errno)
c:/program files (x86)/atollic/truestudio for stm32 9.0.1/armtools/bin/../lib/gcc/arm-atollic-eabi/6.3.1/../../../../arm-atollic-eabi/lib/armv7e-m/fpu\libc_nano.a(lib_a-impure.o)
                              c:/program files (x86)/atollic/truestudio for stm32 9.0.1/armtools/bin/../lib/gcc/arm-atollic-eabi/6.3.1/../../../../arm-atollic-eabi/lib/armv7e-m/fpu\libc_nano.a(lib_a-errno.o) (_impure_ptr)
c:/program files (x86)/atollic/truestudio for stm32 9.0.1/armtools/bin/../lib/gcc/arm-atollic-eabi/6.3.1/../../../../arm-atollic-eabi/lib/armv7e-m/fpu\libc_nano.a(lib_a-init.o)
                              startup\startup_stm32l476xx.o (__libc_init_array)
c:/program files (x86)/atollic/truestudio for stm32 9.0.1/armtools/bin/../lib/gcc/arm-atollic-eabi/6.3.1/../../../../arm-atollic-eabi/lib/armv7e-m/fpu\libc_nano.a(lib_a-memset.o)
                              Src\gpio.o (memset)
c:/program files (x86)/atollic/truestudio for stm32 9.0.1/armtools/bin/../lib/gcc/arm-atollic-eabi/6.3.1/armv7e-m/fpu\libgcc.a(_aeabi_uldivmod.o)
                              Drivers\STM32L4xx_HAL_Driver\Src\stm32l4xx_hal_uart.o (__aeabi_uldivmod)
c:/program files (x86)/atollic/truestudio for stm32 9.0.1/armtools/bin/../lib/gcc/arm-atollic-eabi/6.3.1/armv7e-m/fpu\libgcc.a(_udivmoddi4.o)
                              c:/program files (x86)/atollic/truestudio for stm32 9.0.1/armtools/bin/../lib/gcc/arm-atollic-eabi/6.3.1/armv7e-m/fpu\libgcc.a(_aeabi_uldivmod.o) (__udivmoddi4)
c:/program files (x86)/atollic/truestudio for stm32 9.0.1/armtools/bin/../lib/gcc/arm-atollic-eabi/6.3.1/armv7e-m/fpu\libgcc.a(_dvmd_tls.o)
                              c:/program files (x86)/atollic/truestudio for stm32 9.0.1/armtools/bin/../lib/gcc/arm-atollic-eabi/6.3.1/armv7e-m/fpu\libgcc.a(_aeabi_uldivmod.o) (__aeabi_ldiv0)

Allocating common symbols
Common symbol       size              file

hi2c3               0x4c              Src\i2c.o
hi2c1               0x4c              Src\i2c.o
hi2c2               0x4c              Src\i2c.o
uwTick              0x4               Drivers\STM32L4xx_HAL_Driver\Src\stm32l4xx_hal.o
hlptim1             0x38              Src\lptim.o
huart2              0x78              Src\usart.o

Discarded input sections

 .text          0x00000000        0x0 c:/program files (x86)/atollic/truestudio for stm32 9.0.1/armtools/bin/../lib/gcc/arm-atollic-eabi/6.3.1/armv7e-m/fpu/crti.o
 .data          0x00000000        0x0 c:/program files (x86)/atollic/truestudio for stm32 9.0.1/armtools/bin/../lib/gcc/arm-atollic-eabi/6.3.1/armv7e-m/fpu/crti.o
 .bss           0x00000000        0x0 c:/program files (x86)/atollic/truestudio for stm32 9.0.1/armtools/bin/../lib/gcc/arm-atollic-eabi/6.3.1/armv7e-m/fpu/crti.o
 .data          0x00000000        0x4 c:/program files (x86)/atollic/truestudio for stm32 9.0.1/armtools/bin/../lib/gcc/arm-atollic-eabi/6.3.1/armv7e-m/fpu/crtbegin.o
 .text          0x00000000        0x0 Drivers\STM32L4xx_HAL_Driver\Src\stm32l4xx_hal.o
 .data          0x00000000        0x0 Drivers\STM32L4xx_HAL_Driver\Src\stm32l4xx_hal.o
 .bss           0x00000000        0x0 Drivers\STM32L4xx_HAL_Driver\Src\stm32l4xx_hal.o
 .text.HAL_MspInit
                0x00000000        0x2 Drivers\STM32L4xx_HAL_Driver\Src\stm32l4xx_hal.o
 .text.HAL_MspDeInit
                0x00000000        0x2 Drivers\STM32L4xx_HAL_Driver\Src\stm32l4xx_hal.o
 .text.HAL_DeInit
                0x00000000       0x2c Drivers\STM32L4xx_HAL_Driver\Src\stm32l4xx_hal.o
 .text.HAL_Delay
                0x00000000       0x1c Drivers\STM32L4xx_HAL_Driver\Src\stm32l4xx_hal.o
 .text.HAL_SuspendTick
                0x00000000       0x10 Drivers\STM32L4xx_HAL_Driver\Src\stm32l4xx_hal.o
 .text.HAL_ResumeTick
                0x00000000       0x10 Drivers\STM32L4xx_HAL_Driver\Src\stm32l4xx_hal.o
 .text.HAL_GetHalVersion
                0x00000000        0x8 Drivers\STM32L4xx_HAL_Driver\Src\stm32l4xx_hal.o
 .text.HAL_GetREVID
                0x00000000        0xc Drivers\STM32L4xx_HAL_Driver\Src\stm32l4xx_hal.o
 .text.HAL_GetDEVID
                0x00000000       0x10 Drivers\STM32L4xx_HAL_Driver\Src\stm32l4xx_hal.o
 .text.HAL_GetUIDw0
                0x00000000        0xc Drivers\STM32L4xx_HAL_Driver\Src\stm32l4xx_hal.o
 .text.HAL_GetUIDw1
                0x00000000        0xc Drivers\STM32L4xx_HAL_Driver\Src\stm32l4xx_hal.o
 .text.HAL_GetUIDw2
                0x00000000        0xc Drivers\STM32L4xx_HAL_Driver\Src\stm32l4xx_hal.o
 .text.HAL_DBGMCU_EnableDBGSleepMode
                0x00000000       0x10 Drivers\STM32L4xx_HAL_Driver\Src\stm32l4xx_hal.o
 .text.HAL_DBGMCU_DisableDBGSleepMode
                0x00000000       0x10 Drivers\STM32L4xx_HAL_Driver\Src\stm32l4xx_hal.o
[...]
Memory Configuration

Name             Origin             Length             Attributes
RAM              0x20000000         0x00018000         xrw
RAM2             0x10000000         0x00008000         xrw
FLASH            0x08000000         0x00100000         xr
*default*        0x00000000         0xffffffff

Linker script and memory map

LOAD c:/program files (x86)/atollic/truestudio for stm32 9.0.1/armtools/bin/../lib/gcc/arm-atollic-eabi/6.3.1/armv7e-m/fpu/crti.o
LOAD c:/program files (x86)/atollic/truestudio for stm32 9.0.1/armtools/bin/../lib/gcc/arm-atollic-eabi/6.3.1/armv7e-m/fpu/crtbegin.o
LOAD Drivers\STM32L4xx_HAL_Driver\Src\stm32l4xx_hal.o
LOAD Drivers\STM32L4xx_HAL_Driver\Src\stm32l4xx_hal_cortex.o
LOAD Drivers\STM32L4xx_HAL_Driver\Src\stm32l4xx_hal_dma.o
LOAD Drivers\STM32L4xx_HAL_Driver\Src\stm32l4xx_hal_dma_ex.o
LOAD Drivers\STM32L4xx_HAL_Driver\Src\stm32l4xx_hal_exti.o
LOAD Drivers\STM32L4xx_HAL_Driver\Src\stm32l4xx_hal_flash.o
LOAD Drivers\STM32L4xx_HAL_Driver\Src\stm32l4xx_hal_flash_ex.o
LOAD Drivers\STM32L4xx_HAL_Driver\Src\stm32l4xx_hal_flash_ramfunc.o
LOAD Drivers\STM32L4xx_HAL_Driver\Src\stm32l4xx_hal_gpio.o
LOAD Drivers\STM32L4xx_HAL_Driver\Src\stm32l4xx_hal_i2c.o
LOAD Drivers\STM32L4xx_HAL_Driver\Src\stm32l4xx_hal_i2c_ex.o
LOAD Drivers\STM32L4xx_HAL_Driver\Src\stm32l4xx_hal_lptim.o
LOAD Drivers\STM32L4xx_HAL_Driver\Src\stm32l4xx_hal_pwr.o
LOAD Drivers\STM32L4xx_HAL_Driver\Src\stm32l4xx_hal_pwr_ex.o
LOAD Drivers\STM32L4xx_HAL_Driver\Src\stm32l4xx_hal_rcc.o
LOAD Drivers\STM32L4xx_HAL_Driver\Src\stm32l4xx_hal_rcc_ex.o
LOAD Drivers\STM32L4xx_HAL_Driver\Src\stm32l4xx_hal_tim.o
LOAD Drivers\STM32L4xx_HAL_Driver\Src\stm32l4xx_hal_tim_ex.o
LOAD Drivers\STM32L4xx_HAL_Driver\Src\stm32l4xx_hal_uart.o
LOAD Drivers\STM32L4xx_HAL_Driver\Src\stm32l4xx_hal_uart_ex.o
LOAD Src\gpio.o
LOAD Src\i2c.o
LOAD Src\lptim.o
LOAD Src\main.o
LOAD Src\stm32l4xx_hal_msp.o
LOAD Src\stm32l4xx_it.o
LOAD Src\syscalls.o
LOAD Src\system_stm32l4xx.o
LOAD Src\usart.o
LOAD startup\startup_stm32l476xx.o
                0x00001000                malloc_getpagesize_P = 0x1000
START GROUP
LOAD c:/program files (x86)/atollic/truestudio for stm32 9.0.1/armtools/bin/../lib/gcc/arm-atollic-eabi/6.3.1/../../../../arm-atollic-eabi/lib/armv7e-m/fpu\libstdc++_nano.a
LOAD c:/program files (x86)/atollic/truestudio for stm32 9.0.1/armtools/bin/../lib/gcc/arm-atollic-eabi/6.3.1/../../../../arm-atollic-eabi/lib/armv7e-m/fpu\libsupc++_nano.a
END GROUP
LOAD c:/program files (x86)/atollic/truestudio for stm32 9.0.1/armtools/bin/../lib/gcc/arm-atollic-eabi/6.3.1/../../../../arm-atollic-eabi/lib/armv7e-m/fpu\libstdc++_nano.a
LOAD c:/program files (x86)/atollic/truestudio for stm32 9.0.1/armtools/bin/../lib/gcc/arm-atollic-eabi/6.3.1/../../../../arm-atollic-eabi/lib/armv7e-m/fpu\libm.a
LOAD c:/program files (x86)/atollic/truestudio for stm32 9.0.1/armtools/bin/../lib/gcc/arm-atollic-eabi/6.3.1/../../../../arm-atollic-eabi/lib/armv7e-m/fpu\libc_nano.a
START GROUP
LOAD c:/program files (x86)/atollic/truestudio for stm32 9.0.1/armtools/bin/../lib/gcc/arm-atollic-eabi/6.3.1/armv7e-m/fpu\libgcc.a
LOAD c:/program files (x86)/atollic/truestudio for stm32 9.0.1/armtools/bin/../lib/gcc/arm-atollic-eabi/6.3.1/../../../../arm-atollic-eabi/lib/armv7e-m/fpu\libc_nano.a
END GROUP
START GROUP
LOAD c:/program files (x86)/atollic/truestudio for stm32 9.0.1/armtools/bin/../lib/gcc/arm-atollic-eabi/6.3.1/armv7e-m/fpu\libgcc.a
LOAD c:/program files (x86)/atollic/truestudio for stm32 9.0.1/armtools/bin/../lib/gcc/arm-atollic-eabi/6.3.1/../../../../arm-atollic-eabi/lib/armv7e-m/fpu\libc_nano.a
LOAD c:/program files (x86)/atollic/truestudio for stm32 9.0.1/armtools/bin/../lib/gcc/arm-atollic-eabi/6.3.1/../../../../arm-atollic-eabi/lib/armv7e-m/fpu\libnosys.a
END GROUP
START GROUP
LOAD c:/program files (x86)/atollic/truestudio for stm32 9.0.1/armtools/bin/../lib/gcc/arm-atollic-eabi/6.3.1/armv7e-m/fpu\libgcc.a
LOAD c:/program files (x86)/atollic/truestudio for stm32 9.0.1/armtools/bin/../lib/gcc/arm-atollic-eabi/6.3.1/../../../../arm-atollic-eabi/lib/armv7e-m/fpu\libc_nano.a
LOAD c:/program files (x86)/atollic/truestudio for stm32 9.0.1/armtools/bin/../lib/gcc/arm-atollic-eabi/6.3.1/../../../../arm-atollic-eabi/lib/armv7e-m/fpu\libnosys.a
END GROUP
LOAD c:/program files (x86)/atollic/truestudio for stm32 9.0.1/armtools/bin/../lib/gcc/arm-atollic-eabi/6.3.1/armv7e-m/fpu/crtend.o
LOAD c:/program files (x86)/atollic/truestudio for stm32 9.0.1/armtools/bin/../lib/gcc/arm-atollic-eabi/6.3.1/armv7e-m/fpu/crtn.o
                0x20018000                _estack = 0x20018000
                0x00000200                _Min_Heap_Size = 0x200
                0x00000400                _Min_Stack_Size = 0x400

.isr_vector     0x08000000      0x188
                0x08000000                . = ALIGN (0x4)
 *(.isr_vector)
 .isr_vector    0x08000000      0x188 startup\startup_stm32l476xx.o
                0x08000000                g_pfnVectors
                0x08000188                . = ALIGN (0x4)

.text           0x08000188     0x2024
                0x08000188                . = ALIGN (0x4)
 *(.text)
 .text          0x08000188       0x40 c:/program files (x86)/atollic/truestudio for stm32 9.0.1/armtools/bin/../lib/gcc/arm-atollic-eabi/6.3.1/armv7e-m/fpu/crtbegin.o
 .text          0x080001c8       0x30 c:/program files (x86)/atollic/truestudio for stm32 9.0.1/armtools/bin/../lib/gcc/arm-atollic-eabi/6.3.1/armv7e-m/fpu\libgcc.a(_aeabi_uldivmod.o)
                0x080001c8                __aeabi_uldivmod
 .text          0x080001f8      0x2dc c:/program files (x86)/atollic/truestudio for stm32 9.0.1/armtools/bin/../lib/gcc/arm-atollic-eabi/6.3.1/armv7e-m/fpu\libgcc.a(_udivmoddi4.o)
                0x080001f8                __udivmoddi4
 .text          0x080004d4        0x4 c:/program files (x86)/atollic/truestudio for stm32 9.0.1/armtools/bin/../lib/gcc/arm-atollic-eabi/6.3.1/armv7e-m/fpu\libgcc.a(_dvmd_tls.o)
                0x080004d4                __aeabi_idiv0
                0x080004d4                __aeabi_ldiv0
 *(.text*)
 .text.HAL_InitTick
                0x080004d8       0x30 Drivers\STM32L4xx_HAL_Driver\Src\stm32l4xx_hal.o
                0x080004d8                HAL_InitTick
 .text.HAL_Init
                0x08000508       0x2c Drivers\STM32L4xx_HAL_Driver\Src\stm32l4xx_hal.o
                0x08000508                HAL_Init
 .text.HAL_IncTick
                0x08000534       0x10 Drivers\STM32L4xx_HAL_Driver\Src\stm32l4xx_hal.o
                0x08000534                HAL_IncTick
 .text.HAL_GetTick
                0x08000544        0xc Drivers\STM32L4xx_HAL_Driver\Src\stm32l4xx_hal.o
                0x08000544                HAL_GetTick
 .text.HAL_NVIC_SetPriorityGrouping
                0x08000550       0x24 Drivers\STM32L4xx_HAL_Driver\Src\stm32l4xx_hal_cortex.o
                0x08000550                HAL_NVIC_SetPriorityGrouping
 .text.HAL_NVIC_SetPriority
                0x08000574       0x68 Drivers\STM32L4xx_HAL_Driver\Src\stm32l4xx_hal_cortex.o
                0x08000574                HAL_NVIC_SetPriority
 .text.HAL_SYSTICK_Config
                0x080005dc       0x2c Drivers\STM32L4xx_HAL_Driver\Src\stm32l4xx_hal_cortex.o
                0x080005dc                HAL_SYSTICK_Config
 .text.HAL_GPIO_Init
                0x08000608      0x1b8 Drivers\STM32L4xx_HAL_Driver\Src\stm32l4xx_hal_gpio.o
                0x08000608                HAL_GPIO_Init
 .text.HAL_GPIO_WritePin
                0x080007c0        0xa Drivers\STM32L4xx_HAL_Driver\Src\stm32l4xx_hal_gpio.o
                0x080007c0                HAL_GPIO_WritePin
 .text.HAL_I2C_Init
                0x080007ca       0xa2 Drivers\STM32L4xx_HAL_Driver\Src\stm32l4xx_hal_i2c.o
                0x080007ca                HAL_I2C_Init
 .text.HAL_I2CEx_ConfigAnalogFilter
                0x0800086c       0x4c Drivers\STM32L4xx_HAL_Driver\Src\stm32l4xx_hal_i2c_ex.o
                0x0800086c                HAL_I2CEx_ConfigAnalogFilter
 .text.HAL_I2CEx_ConfigDigitalFilter
                0x080008b8       0x4a Drivers\STM32L4xx_HAL_Driver\Src\stm32l4xx_hal_i2c_ex.o
                0x080008b8                HAL_I2CEx_ConfigDigitalFilter
 *fill*         0x08000902        0x2 
 .text.HAL_LPTIM_Init
                0x08000904       0xa4 Drivers\STM32L4xx_HAL_Driver\Src\stm32l4xx_hal_lptim.o
                0x08000904                HAL_LPTIM_Init
 .text.HAL_PWREx_GetVoltageRange
                0x080009a8       0x10 Drivers\STM32L4xx_HAL_Driver\Src\stm32l4xx_hal_pwr_ex.o
                0x080009a8                HAL_PWREx_GetVoltageRange
 .text.HAL_PWREx_ControlVoltageScaling
                0x080009b8       0x6c Drivers\STM32L4xx_HAL_Driver\Src\stm32l4xx_hal_pwr_ex.o
                0x080009b8                HAL_PWREx_ControlVoltageScaling
 .text.RCC_SetFlashLatencyFromMSIRange
                0x08000a24       0x84 Drivers\STM32L4xx_HAL_Driver\Src\stm32l4xx_hal_rcc.o
 .text.HAL_RCC_GetSysClockFreq
                0x08000aa8       0xa8 Drivers\STM32L4xx_HAL_Driver\Src\stm32l4xx_hal_rcc.o
                0x08000aa8                HAL_RCC_GetSysClockFreq
 .text.HAL_RCC_OscConfig
                0x08000b50      0x44c Drivers\STM32L4xx_HAL_Driver\Src\stm32l4xx_hal_rcc.o
                0x08000b50                HAL_RCC_OscConfig
 .text.HAL_RCC_ClockConfig
                0x08000f9c      0x124 Drivers\STM32L4xx_HAL_Driver\Src\stm32l4xx_hal_rcc.o
                0x08000f9c                HAL_RCC_ClockConfig
 .text.HAL_RCC_GetPCLK1Freq
                0x080010c0       0x24 Drivers\STM32L4xx_HAL_Driver\Src\stm32l4xx_hal_rcc.o
                0x080010c0                HAL_RCC_GetPCLK1Freq
 .text.HAL_RCC_GetPCLK2Freq
                0x080010e4       0x24 Drivers\STM32L4xx_HAL_Driver\Src\stm32l4xx_hal_rcc.o
                0x080010e4                HAL_RCC_GetPCLK2Freq
 .text.RCCEx_PLLSAI1_Config
                0x08001108      0x11c Drivers\STM32L4xx_HAL_Driver\Src\stm32l4xx_hal_rcc_ex.o
 .text.RCCEx_PLLSAI2_Config
                0x08001224       0xfc Drivers\STM32L4xx_HAL_Driver\Src\stm32l4xx_hal_rcc_ex.o
 .text.HAL_RCCEx_PeriphCLKConfig
                0x08001320      0x3d0 Drivers\STM32L4xx_HAL_Driver\Src\stm32l4xx_hal_rcc_ex.o
                0x08001320                HAL_RCCEx_PeriphCLKConfig
 .text.UART_SetConfig
                0x080016f0      0x330 Drivers\STM32L4xx_HAL_Driver\Src\stm32l4xx_hal_uart.o
                0x080016f0                UART_SetConfig
 .text.UART_AdvFeatureConfig
                0x08001a20       0xa8 Drivers\STM32L4xx_HAL_Driver\Src\stm32l4xx_hal_uart.o
                0x08001a20                UART_AdvFeatureConfig
 .text.UART_WaitOnFlagUntilTimeout
                0x08001ac8       0x62 Drivers\STM32L4xx_HAL_Driver\Src\stm32l4xx_hal_uart.o
                0x08001ac8                UART_WaitOnFlagUntilTimeout
 .text.UART_CheckIdleState
                0x08001b2a       0x64 Drivers\STM32L4xx_HAL_Driver\Src\stm32l4xx_hal_uart.o
                0x08001b2a                UART_CheckIdleState
 .text.HAL_UART_Init
                0x08001b8e       0x64 Drivers\STM32L4xx_HAL_Driver\Src\stm32l4xx_hal_uart.o
                0x08001b8e                HAL_UART_Init
 *fill*         0x08001bf2        0x2 
 .text.MX_GPIO_Init
                0x08001bf4       0xa4 Src\gpio.o
                0x08001bf4                MX_GPIO_Init
 .text.MX_I2C1_Init
                0x08001c98       0x58 Src\i2c.o
                0x08001c98                MX_I2C1_Init
 .text.MX_I2C2_Init
                0x08001cf0       0x58 Src\i2c.o
                0x08001cf0                MX_I2C2_Init
 .text.MX_I2C3_Init
                0x08001d48       0x58 Src\i2c.o
                0x08001d48                MX_I2C3_Init
 .text.HAL_I2C_MspInit
                0x08001da0      0x10c Src\i2c.o
                0x08001da0                HAL_I2C_MspInit
 .text.MX_LPTIM1_Init
                0x08001eac       0x40 Src\lptim.o
                0x08001eac                MX_LPTIM1_Init
 .text.HAL_LPTIM_MspInit
                0x08001eec       0x28 Src\lptim.o
                0x08001eec                HAL_LPTIM_MspInit
 .text.SystemClock_Config
                0x08001f14       0x82 Src\main.o
                0x08001f14                SystemClock_Config
 .text.startup.main
                0x08001f96       0x24 Src\main.o
                0x08001f96                main
 .text.Error_Handler
                0x08001fba        0x2 Src\main.o
                0x08001fba                Error_Handler
 .text.HAL_MspInit
                0x08001fbc       0x30 Src\stm32l4xx_hal_msp.o
                0x08001fbc                HAL_MspInit
 .text.NMI_Handler
                0x08001fec        0x2 Src\stm32l4xx_it.o
                0x08001fec                NMI_Handler
 .text.HardFault_Handler
                0x08001fee        0x2 Src\stm32l4xx_it.o
                0x08001fee                HardFault_Handler
 .text.MemManage_Handler
                0x08001ff0        0x2 Src\stm32l4xx_it.o
                0x08001ff0                MemManage_Handler
 .text.BusFault_Handler
                0x08001ff2        0x2 Src\stm32l4xx_it.o
                0x08001ff2                BusFault_Handler
 .text.UsageFault_Handler
                0x08001ff4        0x2 Src\stm32l4xx_it.o
                0x08001ff4                UsageFault_Handler
 .text.SVC_Handler
                0x08001ff6        0x2 Src\stm32l4xx_it.o
                0x08001ff6                SVC_Handler
 .text.DebugMon_Handler
                0x08001ff8        0x2 Src\stm32l4xx_it.o
                0x08001ff8                DebugMon_Handler
 .text.PendSV_Handler
                0x08001ffa        0x2 Src\stm32l4xx_it.o
                0x08001ffa                PendSV_Handler
 .text.SysTick_Handler
                0x08001ffc        0x4 Src\stm32l4xx_it.o
                0x08001ffc                SysTick_Handler
 .text.SystemInit
                0x08002000       0x48 Src\system_stm32l4xx.o
                0x08002000                SystemInit
 .text.MX_USART2_UART_Init
                0x08002048       0x3c Src\usart.o
                0x08002048                MX_USART2_UART_Init
 .text.HAL_UART_MspInit
                0x08002084       0x64 Src\usart.o
                0x08002084                HAL_UART_MspInit
 .text.Reset_Handler
                0x080020e8       0x50 startup\startup_stm32l476xx.o
                0x080020e8                Reset_Handler
 .text.Default_Handler
                0x08002138        0x2 startup\startup_stm32l476xx.o
                0x08002138                RTC_Alarm_IRQHandler
                0x08002138                EXTI2_IRQHandler
                0x08002138                TIM8_TRG_COM_IRQHandler
                0x08002138                TIM8_CC_IRQHandler
                0x08002138                TIM1_CC_IRQHandler
                0x08002138                TSC_IRQHandler
                0x08002138                TAMP_STAMP_IRQHandler
                0x08002138                EXTI3_IRQHandler
                0x08002138                LPTIM2_IRQHandler
                0x08002138                DFSDM1_FLT1_IRQHandler
                0x08002138                I2C3_ER_IRQHandler
                0x08002138                DFSDM1_FLT2_IRQHandler
                0x08002138                EXTI0_IRQHandler
                0x08002138                I2C2_EV_IRQHandler
                0x08002138                CAN1_RX0_IRQHandler
                0x08002138                FPU_IRQHandler
                0x08002138                TIM1_UP_TIM16_IRQHandler
                0x08002138                ADC1_2_IRQHandler
                0x08002138                SPI1_IRQHandler
                0x08002138                TIM6_DAC_IRQHandler
                0x08002138                TIM8_UP_IRQHandler
                0x08002138                DMA2_Channel2_IRQHandler
                0x08002138                DMA1_Channel4_IRQHandler
                0x08002138                SAI2_IRQHandler
                0x08002138                DFSDM1_FLT3_IRQHandler
                0x08002138                USART3_IRQHandler
                0x08002138                DMA1_Channel7_IRQHandler
                0x08002138                CAN1_RX1_IRQHandler
                0x08002138                LCD_IRQHandler
                0x08002138                UART5_IRQHandler
                0x08002138                ADC3_IRQHandler
                0x08002138                TIM4_IRQHandler
                0x08002138                DMA2_Channel1_IRQHandler
                0x08002138                QUADSPI_IRQHandler
                0x08002138                I2C1_EV_IRQHandler
                0x08002138                DMA1_Channel6_IRQHandler
                0x08002138                UART4_IRQHandler
                0x08002138                DMA2_Channel4_IRQHandler
                0x08002138                TIM3_IRQHandler
                0x08002138                RCC_IRQHandler
                0x08002138                DMA1_Channel1_IRQHandler
                0x08002138                Default_Handler
                0x08002138                DMA2_Channel7_IRQHandler
                0x08002138                EXTI15_10_IRQHandler
                0x08002138                TIM7_IRQHandler
                0x08002138                SDMMC1_IRQHandler
                0x08002138                TIM5_IRQHandler
                0x08002138                I2C3_EV_IRQHandler
                0x08002138                EXTI9_5_IRQHandler
                0x08002138                RTC_WKUP_IRQHandler
                0x08002138                PVD_PVM_IRQHandler
                0x08002138                SPI2_IRQHandler
                0x08002138                CAN1_TX_IRQHandler
                0x08002138                DMA2_Channel5_IRQHandler
                0x08002138                DMA1_Channel5_IRQHandler
                0x08002138                EXTI4_IRQHandler
                0x08002138                RNG_IRQHandler
                0x08002138                TIM1_TRG_COM_TIM17_IRQHandler
                0x08002138                DMA1_Channel3_IRQHandler
                0x08002138                COMP_IRQHandler
                0x08002138                WWDG_IRQHandler
                0x08002138                LPUART1_IRQHandler
                0x08002138                DMA2_Channel6_IRQHandler
                0x08002138                TIM2_IRQHandler
                0x08002138                EXTI1_IRQHandler
                0x08002138                USART2_IRQHandler
                0x08002138                DFSDM1_FLT0_IRQHandler
                0x08002138                I2C2_ER_IRQHandler
                0x08002138                DMA1_Channel2_IRQHandler
                0x08002138                TIM8_BRK_IRQHandler
                0x08002138                CAN1_SCE_IRQHandler
                0x08002138                FLASH_IRQHandler
                0x08002138                USART1_IRQHandler
                0x08002138                OTG_FS_IRQHandler
                0x08002138                SPI3_IRQHandler
                0x08002138                I2C1_ER_IRQHandler
                0x08002138                FMC_IRQHandler
                0x08002138                SWPMI1_IRQHandler
                0x08002138                LPTIM1_IRQHandler
                0x08002138                SAI1_IRQHandler
                0x08002138                DMA2_Channel3_IRQHandler
                0x08002138                TIM1_BRK_TIM15_IRQHandler
 *fill*         0x0800213a        0x2 
 .text.__libc_init_array
                0x0800213c       0x48 c:/program files (x86)/atollic/truestudio for stm32 9.0.1/armtools/bin/../lib/gcc/arm-atollic-eabi/6.3.1/../../../../arm-atollic-eabi/lib/armv7e-m/fpu\libc_nano.a(lib_a-init.o)
                0x0800213c                __libc_init_array
 .text.memset   0x08002184       0x10 c:/program files (x86)/atollic/truestudio for stm32 9.0.1/armtools/bin/../lib/gcc/arm-atollic-eabi/6.3.1/../../../../arm-atollic-eabi/lib/armv7e-m/fpu\libc_nano.a(lib_a-memset.o)
                0x08002184                memset
 *(.glue_7)
 .glue_7        0x08002194        0x0 linker stubs
 *(.glue_7t)
 .glue_7t       0x08002194        0x0 linker stubs
 *(.eh_frame)
 .eh_frame      0x08002194        0x0 c:/program files (x86)/atollic/truestudio for stm32 9.0.1/armtools/bin/../lib/gcc/arm-atollic-eabi/6.3.1/armv7e-m/fpu/crtbegin.o
 *(.init)
 .init          0x08002194        0x4 c:/program files (x86)/atollic/truestudio for stm32 9.0.1/armtools/bin/../lib/gcc/arm-atollic-eabi/6.3.1/armv7e-m/fpu/crti.o
                0x08002194                _init
 .init          0x08002198        0x8 c:/program files (x86)/atollic/truestudio for stm32 9.0.1/armtools/bin/../lib/gcc/arm-atollic-eabi/6.3.1/armv7e-m/fpu/crtn.o
 *(.fini)
 .fini          0x080021a0        0x4 c:/program files (x86)/atollic/truestudio for stm32 9.0.1/armtools/bin/../lib/gcc/arm-atollic-eabi/6.3.1/armv7e-m/fpu/crti.o
                0x080021a0                _fini
 .fini          0x080021a4        0x8 c:/program files (x86)/atollic/truestudio for stm32 9.0.1/armtools/bin/../lib/gcc/arm-atollic-eabi/6.3.1/armv7e-m/fpu/crtn.o
                0x080021ac                . = ALIGN (0x4)
                0x080021ac                _etext = .

.vfp11_veneer   0x080021ac        0x0
 .vfp11_veneer  0x080021ac        0x0 linker stubs

.v4_bx          0x080021ac        0x0
 .v4_bx         0x080021ac        0x0 linker stubs

.iplt           0x080021ac        0x0
 .iplt          0x080021ac        0x0 c:/program files (x86)/atollic/truestudio for stm32 9.0.1/armtools/bin/../lib/gcc/arm-atollic-eabi/6.3.1/armv7e-m/fpu/crtbegin.o

.rodata         0x080021ac       0x5c
                0x080021ac                . = ALIGN (0x4)
 *(.rodata)
 *(.rodata*)
 .rodata.CSWTCH.51
                0x080021ac        0x4 Drivers\STM32L4xx_HAL_Driver\Src\stm32l4xx_hal_uart.o
 .rodata.CSWTCH.52
                0x080021b0        0xd Drivers\STM32L4xx_HAL_Driver\Src\stm32l4xx_hal_uart.o
 .rodata.AHBPrescTable
                0x080021bd       0x10 Src\system_stm32l4xx.o
                0x080021bd                AHBPrescTable
 .rodata.APBPrescTable
                0x080021cd        0x8 Src\system_stm32l4xx.o
                0x080021cd                APBPrescTable
 *fill*         0x080021d5        0x3 
 .rodata.MSIRangeTable
                0x080021d8       0x30 Src\system_stm32l4xx.o
                0x080021d8                MSIRangeTable
                0x08002208                . = ALIGN (0x4)

.ARM.extab
 *(.ARM.extab* .gnu.linkonce.armextab.*)

.ARM            0x08002208        0x8
                0x08002208                __exidx_start = .
 *(.ARM.exidx*)
 .ARM.exidx     0x08002208        0x8 c:/program files (x86)/atollic/truestudio for stm32 9.0.1/armtools/bin/../lib/gcc/arm-atollic-eabi/6.3.1/armv7e-m/fpu\libgcc.a(_udivmoddi4.o)
                0x08002210                __exidx_end = .

.rel.dyn        0x08002210        0x0
 .rel.iplt      0x08002210        0x0 c:/program files (x86)/atollic/truestudio for stm32 9.0.1/armtools/bin/../lib/gcc/arm-atollic-eabi/6.3.1/armv7e-m/fpu/crtbegin.o

.preinit_array  0x08002210        0x0
                0x08002210                PROVIDE (__preinit_array_start, .)
 *(.preinit_array*)
                0x08002210                PROVIDE (__preinit_array_end, .)

.init_array     0x08002210        0x4
                0x08002210                PROVIDE (__init_array_start, .)
 *(SORT(.init_array.*))
 *(.init_array*)
 .init_array    0x08002210        0x4 c:/program files (x86)/atollic/truestudio for stm32 9.0.1/armtools/bin/../lib/gcc/arm-atollic-eabi/6.3.1/armv7e-m/fpu/crtbegin.o
                0x08002214                PROVIDE (__init_array_end, .)

.fini_array     0x08002214        0x4
                [!provide]                PROVIDE (__fini_array_start, .)
 *(SORT(.fini_array.*))
 *(.fini_array*)
 .fini_array    0x08002214        0x4 c:/program files (x86)/atollic/truestudio for stm32 9.0.1/armtools/bin/../lib/gcc/arm-atollic-eabi/6.3.1/armv7e-m/fpu/crtbegin.o
                [!provide]                PROVIDE (__fini_array_end, .)
                0x08002218                _sidata = LOADADDR (.data)

.data           0x20000000        0x4 load address 0x08002218
                0x20000000                . = ALIGN (0x4)
                0x20000000                _sdata = .
 *(.data)
 *(.data*)
 .data.SystemCoreClock
                0x20000000        0x4 Src\system_stm32l4xx.o
                0x20000000                SystemCoreClock
                0x20000004                . = ALIGN (0x4)
                0x20000004                _edata = .

.igot.plt       0x20000004        0x0 load address 0x0800221c
 .igot.plt      0x20000004        0x0 c:/program files (x86)/atollic/truestudio for stm32 9.0.1/armtools/bin/../lib/gcc/arm-atollic-eabi/6.3.1/armv7e-m/fpu/crtbegin.o
                0x20000004                . = ALIGN (0x4)

.bss            0x20000004      0x1b4 load address 0x0800221c
                0x20000004                _sbss = .
                0x20000004                __bss_start__ = _sbss
 *(.bss)
 .bss           0x20000004       0x1c c:/program files (x86)/atollic/truestudio for stm32 9.0.1/armtools/bin/../lib/gcc/arm-atollic-eabi/6.3.1/armv7e-m/fpu/crtbegin.o
 *(.bss*)
 *(COMMON)
 COMMON         0x20000020        0x4 Drivers\STM32L4xx_HAL_Driver\Src\stm32l4xx_hal.o
                0x20000020                uwTick
 COMMON         0x20000024       0xe4 Src\i2c.o
                0x20000024                hi2c3
                0x20000070                hi2c1
                0x200000bc                hi2c2
 COMMON         0x20000108       0x38 Src\lptim.o
                0x20000108                hlptim1
 COMMON         0x20000140       0x78 Src\usart.o
                0x20000140                huart2
                0x200001b8                . = ALIGN (0x4)
                0x200001b8                _ebss = .
                0x200001b8                __bss_end__ = _ebss

._user_heap_stack
                0x200001b8      0x600 load address 0x0800221c
                0x200001b8                . = ALIGN (0x4)
                0x200001b8                PROVIDE (end, .)
                [!provide]                PROVIDE (_end, .)
                0x200003b8                . = (. + _Min_Heap_Size)
 *fill*         0x200001b8      0x200 
                0x200007b8                . = (. + _Min_Stack_Size)
 *fill*         0x200003b8      0x400 
                0x200007b8                . = ALIGN (0x4)

/DISCARD/
 libc.a(*)
 libm.a(*)
 libgcc.a(*)

.ARM.attributes
                0x00000000       0x30
 *(.ARM.attributes)
 .ARM.attributes
                0x00000000       0x22 c:/program files (x86)/atollic/truestudio for stm32 9.0.1/armtools/bin/../lib/gcc/arm-atollic-eabi/6.3.1/armv7e-m/fpu/crti.o
 .ARM.attributes
                0x00000022       0x34 c:/program files (x86)/atollic/truestudio for stm32 9.0.1/armtools/bin/../lib/gcc/arm-atollic-eabi/6.3.1/armv7e-m/fpu/crtbegin.o
 .ARM.attributes
                0x00000056       0x39 Drivers\STM32L4xx_HAL_Driver\Src\stm32l4xx_hal.o
 .ARM.attributes
                0x0000008f       0x39 Drivers\STM32L4xx_HAL_Driver\Src\stm32l4xx_hal_cortex.o
 .ARM.attributes
                0x000000c8       0x39 Drivers\STM32L4xx_HAL_Driver\Src\stm32l4xx_hal_gpio.o
 .ARM.attributes
                0x00000101       0x39 Drivers\STM32L4xx_HAL_Driver\Src\stm32l4xx_hal_i2c.o
 .ARM.attributes
                0x0000013a       0x39 Drivers\STM32L4xx_HAL_Driver\Src\stm32l4xx_hal_i2c_ex.o
 .ARM.attributes
                0x00000173       0x39 Drivers\STM32L4xx_HAL_Driver\Src\stm32l4xx_hal_lptim.o
 .ARM.attributes
                0x000001ac       0x39 Drivers\STM32L4xx_HAL_Driver\Src\stm32l4xx_hal_pwr_ex.o
 .ARM.attributes
                0x000001e5       0x39 Drivers\STM32L4xx_HAL_Driver\Src\stm32l4xx_hal_rcc.o
 .ARM.attributes
                0x0000021e       0x39 Drivers\STM32L4xx_HAL_Driver\Src\stm32l4xx_hal_rcc_ex.o
 .ARM.attributes
                0x00000257       0x39 Drivers\STM32L4xx_HAL_Driver\Src\stm32l4xx_hal_uart.o
 .ARM.attributes
                0x00000290       0x39 Src\gpio.o
 .ARM.attributes
                0x000002c9       0x39 Src\i2c.o
 .ARM.attributes
                0x00000302       0x39 Src\lptim.o
 .ARM.attributes
                0x0000033b       0x39 Src\main.o
 .ARM.attributes
                0x00000374       0x39 Src\stm32l4xx_hal_msp.o
 .ARM.attributes
                0x000003ad       0x39 Src\stm32l4xx_it.o
 .ARM.attributes
                0x000003e6       0x39 Src\system_stm32l4xx.o
 .ARM.attributes
                0x0000041f       0x39 Src\usart.o
 .ARM.attributes
                0x00000458       0x21 startup\startup_stm32l476xx.o
 .ARM.attributes
                0x00000479       0x34 c:/program files (x86)/atollic/truestudio for stm32 9.0.1/armtools/bin/../lib/gcc/arm-atollic-eabi/6.3.1/../../../../arm-atollic-eabi/lib/armv7e-m/fpu\libc_nano.a(lib_a-init.o)
 .ARM.attributes
                0x000004ad       0x34 c:/program files (x86)/atollic/truestudio for stm32 9.0.1/armtools/bin/../lib/gcc/arm-atollic-eabi/6.3.1/../../../../arm-atollic-eabi/lib/armv7e-m/fpu\libc_nano.a(lib_a-memset.o)
 .ARM.attributes
                0x000004e1       0x22 c:/program files (x86)/atollic/truestudio for stm32 9.0.1/armtools/bin/../lib/gcc/arm-atollic-eabi/6.3.1/armv7e-m/fpu\libgcc.a(_aeabi_uldivmod.o)
 .ARM.attributes
                0x00000503       0x34 c:/program files (x86)/atollic/truestudio for stm32 9.0.1/armtools/bin/../lib/gcc/arm-atollic-eabi/6.3.1/armv7e-m/fpu\libgcc.a(_udivmoddi4.o)
 .ARM.attributes
                0x00000537       0x22 c:/program files (x86)/atollic/truestudio for stm32 9.0.1/armtools/bin/../lib/gcc/arm-atollic-eabi/6.3.1/armv7e-m/fpu\libgcc.a(_dvmd_tls.o)
 .ARM.attributes
                0x00000559       0x22 c:/program files (x86)/atollic/truestudio for stm32 9.0.1/armtools/bin/../lib/gcc/arm-atollic-eabi/6.3.1/armv7e-m/fpu/crtn.o
OUTPUT(STM32WS.elf elf32-littlearm)

.debug_info     0x00000000     0xf8d4
 .debug_info    0x00000000      0xc2a Drivers\STM32L4xx_HAL_Driver\Src\stm32l4xx_hal.o
 .debug_info    0x00000c2a      0xf6d Drivers\STM32L4xx_HAL_Driver\Src\stm32l4xx_hal_cortex.o
 .debug_info    0x00001b97      0x862 Drivers\STM32L4xx_HAL_Driver\Src\stm32l4xx_hal_gpio.o
 .debug_info    0x000023f9     0x37c1 Drivers\STM32L4xx_HAL_Driver\Src\stm32l4xx_hal_i2c.o
 .debug_info    0x00005bba      0xa36 Drivers\STM32L4xx_HAL_Driver\Src\stm32l4xx_hal_i2c_ex.o
 .debug_info    0x000065f0      0xbed Drivers\STM32L4xx_HAL_Driver\Src\stm32l4xx_hal_lptim.o
 .debug_info    0x000071dd      0xad2 Drivers\STM32L4xx_HAL_Driver\Src\stm32l4xx_hal_pwr_ex.o
 .debug_info    0x00007caf      0xdfe Drivers\STM32L4xx_HAL_Driver\Src\stm32l4xx_hal_rcc.o
 .debug_info    0x00008aad     0x1077 Drivers\STM32L4xx_HAL_Driver\Src\stm32l4xx_hal_rcc_ex.o
 .debug_info    0x00009b24     0x1c1d Drivers\STM32L4xx_HAL_Driver\Src\stm32l4xx_hal_uart.o
 .debug_info    0x0000b741      0x5b2 Src\gpio.o
 .debug_info    0x0000bcf3      0xcf9 Src\i2c.o
 .debug_info    0x0000c9ec      0x699 Src\lptim.o
 .debug_info    0x0000d085     0x112e Src\main.o
 .debug_info    0x0000e1b3      0x398 Src\stm32l4xx_hal_msp.o
 .debug_info    0x0000e54b      0x1ee Src\stm32l4xx_it.o
 .debug_info    0x0000e739      0x5cf Src\system_stm32l4xx.o
 .debug_info    0x0000ed08      0xb5f Src\usart.o
 .debug_info    0x0000f867       0x6d startup\startup_stm32l476xx.o

.debug_abbrev   0x00000000     0x24b0
 .debug_abbrev  0x00000000      0x29d Drivers\STM32L4xx_HAL_Driver\Src\stm32l4xx_hal.o
 .debug_abbrev  0x0000029d      0x2e6 Drivers\STM32L4xx_HAL_Driver\Src\stm32l4xx_hal_cortex.o
 .debug_abbrev  0x00000583      0x1d7 Drivers\STM32L4xx_HAL_Driver\Src\stm32l4xx_hal_gpio.o
 .debug_abbrev  0x0000075a      0x351 Drivers\STM32L4xx_HAL_Driver\Src\stm32l4xx_hal_i2c.o
 .debug_abbrev  0x00000aab      0x1b2 Drivers\STM32L4xx_HAL_Driver\Src\stm32l4xx_hal_i2c_ex.o
 .debug_abbrev  0x00000c5d      0x235 Drivers\STM32L4xx_HAL_Driver\Src\stm32l4xx_hal_lptim.o
 .debug_abbrev  0x00000e92      0x227 Drivers\STM32L4xx_HAL_Driver\Src\stm32l4xx_hal_pwr_ex.o
 .debug_abbrev  0x000010b9      0x267 Drivers\STM32L4xx_HAL_Driver\Src\stm32l4xx_hal_rcc.o
 .debug_abbrev  0x00001320      0x264 Drivers\STM32L4xx_HAL_Driver\Src\stm32l4xx_hal_rcc_ex.o
 .debug_abbrev  0x00001584      0x30e Drivers\STM32L4xx_HAL_Driver\Src\stm32l4xx_hal_uart.o
 .debug_abbrev  0x00001892      0x173 Src\gpio.o
 .debug_abbrev  0x00001a05      0x1f3 Src\i2c.o
 .debug_abbrev  0x00001bf8      0x1a5 Src\lptim.o
 .debug_abbrev  0x00001d9d      0x203 Src\main.o
 .debug_abbrev  0x00001fa0       0xea Src\stm32l4xx_hal_msp.o
 .debug_abbrev  0x0000208a       0xfa Src\stm32l4xx_it.o
 .debug_abbrev  0x00002184      0x12f Src\system_stm32l4xx.o
 .debug_abbrev  0x000022b3      0x1eb Src\usart.o
 .debug_abbrev  0x0000249e       0x12 startup\startup_stm32l476xx.o

.debug_loc      0x00000000     0x7f4e
 .debug_loc     0x00000000      0x149 Drivers\STM32L4xx_HAL_Driver\Src\stm32l4xx_hal.o
 .debug_loc     0x00000149      0x4fb Drivers\STM32L4xx_HAL_Driver\Src\stm32l4xx_hal_cortex.o
 .debug_loc     0x00000644      0x29d Drivers\STM32L4xx_HAL_Driver\Src\stm32l4xx_hal_gpio.o
 .debug_loc     0x000008e1     0x38e7 Drivers\STM32L4xx_HAL_Driver\Src\stm32l4xx_hal_i2c.o
 .debug_loc     0x000041c8      0x1a0 Drivers\STM32L4xx_HAL_Driver\Src\stm32l4xx_hal_i2c_ex.o
 .debug_loc     0x00004368      0x5f9 Drivers\STM32L4xx_HAL_Driver\Src\stm32l4xx_hal_lptim.o
 .debug_loc     0x00004961      0x63b Drivers\STM32L4xx_HAL_Driver\Src\stm32l4xx_hal_pwr_ex.o
 .debug_loc     0x00004f9c      0x5ae Drivers\STM32L4xx_HAL_Driver\Src\stm32l4xx_hal_rcc.o
 .debug_loc     0x0000554a      0xd98 Drivers\STM32L4xx_HAL_Driver\Src\stm32l4xx_hal_rcc_ex.o
 .debug_loc     0x000062e2     0x19b3 Drivers\STM32L4xx_HAL_Driver\Src\stm32l4xx_hal_uart.o
 .debug_loc     0x00007c95       0xa3 Src\i2c.o
 .debug_loc     0x00007d38      0x1be Src\system_stm32l4xx.o
 .debug_loc     0x00007ef6       0x58 Src\usart.o

.debug_aranges  0x00000000      0xb38
 .debug_aranges
                0x00000000      0x108 Drivers\STM32L4xx_HAL_Driver\Src\stm32l4xx_hal.o
 .debug_aranges
                0x00000108       0xa8 Drivers\STM32L4xx_HAL_Driver\Src\stm32l4xx_hal_cortex.o
 .debug_aranges
                0x000001b0       0x58 Drivers\STM32L4xx_HAL_Driver\Src\stm32l4xx_hal_gpio.o
 .debug_aranges
                0x00000208      0x238 Drivers\STM32L4xx_HAL_Driver\Src\stm32l4xx_hal_i2c.o
 .debug_aranges
                0x00000440       0x48 Drivers\STM32L4xx_HAL_Driver\Src\stm32l4xx_hal_i2c_ex.o
 .debug_aranges
                0x00000488       0xf0 Drivers\STM32L4xx_HAL_Driver\Src\stm32l4xx_hal_lptim.o
 .debug_aranges
                0x00000578      0x130 Drivers\STM32L4xx_HAL_Driver\Src\stm32l4xx_hal_pwr_ex.o
 .debug_aranges
                0x000006a8       0x88 Drivers\STM32L4xx_HAL_Driver\Src\stm32l4xx_hal_rcc.o
 .debug_aranges
                0x00000730       0xc0 Drivers\STM32L4xx_HAL_Driver\Src\stm32l4xx_hal_rcc_ex.o
 .debug_aranges
                0x000007f0      0x1a0 Drivers\STM32L4xx_HAL_Driver\Src\stm32l4xx_hal_uart.o
 .debug_aranges
                0x00000990       0x20 Src\gpio.o
 .debug_aranges
                0x000009b0       0x40 Src\i2c.o
 .debug_aranges
                0x000009f0       0x30 Src\lptim.o
 .debug_aranges
                0x00000a20       0x30 Src\main.o
 .debug_aranges
                0x00000a50       0x20 Src\stm32l4xx_hal_msp.o
 .debug_aranges
                0x00000a70       0x48 Src\stm32l4xx_it.o
 .debug_aranges
                0x00000ab8       0x28 Src\system_stm32l4xx.o
 .debug_aranges
                0x00000ae0       0x30 Src\usart.o
 .debug_aranges
                0x00000b10       0x28 startup\startup_stm32l476xx.o

.debug_ranges   0x00000000      0xc38
 .debug_ranges  0x00000000       0xf8 Drivers\STM32L4xx_HAL_Driver\Src\stm32l4xx_hal.o
 .debug_ranges  0x000000f8      0x138 Drivers\STM32L4xx_HAL_Driver\Src\stm32l4xx_hal_cortex.o
 .debug_ranges  0x00000230       0x68 Drivers\STM32L4xx_HAL_Driver\Src\stm32l4xx_hal_gpio.o
 .debug_ranges  0x00000298      0x270 Drivers\STM32L4xx_HAL_Driver\Src\stm32l4xx_hal_i2c.o
 .debug_ranges  0x00000508       0x68 Drivers\STM32L4xx_HAL_Driver\Src\stm32l4xx_hal_i2c_ex.o
 .debug_ranges  0x00000570       0xe0 Drivers\STM32L4xx_HAL_Driver\Src\stm32l4xx_hal_lptim.o
 .debug_ranges  0x00000650      0x120 Drivers\STM32L4xx_HAL_Driver\Src\stm32l4xx_hal_pwr_ex.o
 .debug_ranges  0x00000770       0x90 Drivers\STM32L4xx_HAL_Driver\Src\stm32l4xx_hal_rcc.o
 .debug_ranges  0x00000800       0xf0 Drivers\STM32L4xx_HAL_Driver\Src\stm32l4xx_hal_rcc_ex.o
 .debug_ranges  0x000008f0      0x190 Drivers\STM32L4xx_HAL_Driver\Src\stm32l4xx_hal_uart.o
 .debug_ranges  0x00000a80       0x30 Src\gpio.o
 .debug_ranges  0x00000ab0       0x78 Src\i2c.o
 .debug_ranges  0x00000b28       0x20 Src\lptim.o
 .debug_ranges  0x00000b48       0x20 Src\main.o
 .debug_ranges  0x00000b68       0x28 Src\stm32l4xx_hal_msp.o
 .debug_ranges  0x00000b90       0x38 Src\stm32l4xx_it.o
 .debug_ranges  0x00000bc8       0x18 Src\system_stm32l4xx.o
 .debug_ranges  0x00000be0       0x38 Src\usart.o
 .debug_ranges  0x00000c18       0x20 startup\startup_stm32l476xx.o

.debug_line     0x00000000     0x6315
 .debug_line    0x00000000      0x455 Drivers\STM32L4xx_HAL_Driver\Src\stm32l4xx_hal.o
 .debug_line    0x00000455      0x451 Drivers\STM32L4xx_HAL_Driver\Src\stm32l4xx_hal_cortex.o
 .debug_line    0x000008a6      0x3e9 Drivers\STM32L4xx_HAL_Driver\Src\stm32l4xx_hal_gpio.o
 .debug_line    0x00000c8f     0x1932 Drivers\STM32L4xx_HAL_Driver\Src\stm32l4xx_hal_i2c.o
 .debug_line    0x000025c1      0x36d Drivers\STM32L4xx_HAL_Driver\Src\stm32l4xx_hal_i2c_ex.o
 .debug_line    0x0000292e      0x582 Drivers\STM32L4xx_HAL_Driver\Src\stm32l4xx_hal_lptim.o
 .debug_line    0x00002eb0      0x5d5 Drivers\STM32L4xx_HAL_Driver\Src\stm32l4xx_hal_pwr_ex.o
 .debug_line    0x00003485      0x5bd Drivers\STM32L4xx_HAL_Driver\Src\stm32l4xx_hal_rcc.o
 .debug_line    0x00003a42      0x6fc Drivers\STM32L4xx_HAL_Driver\Src\stm32l4xx_hal_rcc_ex.o
 .debug_line    0x0000413e      0xdc4 Drivers\STM32L4xx_HAL_Driver\Src\stm32l4xx_hal_uart.o
 .debug_line    0x00004f02      0x20a Src\gpio.o
 .debug_line    0x0000510c      0x333 Src\i2c.o
 .debug_line    0x0000543f      0x25d Src\lptim.o
 .debug_line    0x0000569c      0x31e Src\main.o
 .debug_line    0x000059ba      0x1e7 Src\stm32l4xx_hal_msp.o
 .debug_line    0x00005ba1      0x21d Src\stm32l4xx_it.o
 .debug_line    0x00005dbe      0x248 Src\system_stm32l4xx.o
 .debug_line    0x00006006      0x290 Src\usart.o
 .debug_line    0x00006296       0x7f startup\startup_stm32l476xx.o

.debug_str      0x00000000     0x3f17
 .debug_str     0x00000000      0xc87 Drivers\STM32L4xx_HAL_Driver\Src\stm32l4xx_hal.o
                                0xd09 (size before relaxing)
 .debug_str     0x00000c87      0x3c3 Drivers\STM32L4xx_HAL_Driver\Src\stm32l4xx_hal_cortex.o
                                0xc6d (size before relaxing)
 .debug_str     0x0000104a      0x1da Drivers\STM32L4xx_HAL_Driver\Src\stm32l4xx_hal_gpio.o
                                0x5c2 (size before relaxing)
 .debug_str     0x00001224      0xcef Drivers\STM32L4xx_HAL_Driver\Src\stm32l4xx_hal_i2c.o
                                0xff3 (size before relaxing)
 .debug_str     0x00001f13       0xf3 Drivers\STM32L4xx_HAL_Driver\Src\stm32l4xx_hal_i2c_ex.o
                                0x96a (size before relaxing)
 .debug_str     0x00002006      0x5ba Drivers\STM32L4xx_HAL_Driver\Src\stm32l4xx_hal_lptim.o
                                0x8a3 (size before relaxing)
 .debug_str     0x000025c0      0x53f Drivers\STM32L4xx_HAL_Driver\Src\stm32l4xx_hal_pwr_ex.o
                                0x859 (size before relaxing)
 .debug_str     0x00002aff      0x346 Drivers\STM32L4xx_HAL_Driver\Src\stm32l4xx_hal_rcc.o
                                0x89f (size before relaxing)
 .debug_str     0x00002e45      0x595 Drivers\STM32L4xx_HAL_Driver\Src\stm32l4xx_hal_rcc_ex.o
                                0xb2f (size before relaxing)
 .debug_str     0x000033da      0x934 Drivers\STM32L4xx_HAL_Driver\Src\stm32l4xx_hal_uart.o
                                0xfad (size before relaxing)
 .debug_str     0x00003d0e       0x22 Src\gpio.o
                                0x442 (size before relaxing)
 .debug_str     0x00003d30       0x5e Src\i2c.o
                                0x97e (size before relaxing)
 .debug_str     0x00003d8e       0x32 Src\lptim.o
                                0x61f (size before relaxing)
 .debug_str     0x00003dc0       0x41 Src\main.o
                               0x104d (size before relaxing)
 .debug_str     0x00003e01       0x1b Src\stm32l4xx_hal_msp.o
                                0x385 (size before relaxing)
 .debug_str     0x00003e1c       0xa6 Src\stm32l4xx_it.o
                                0x2c0 (size before relaxing)
 .debug_str     0x00003ec2       0x3b Src\system_stm32l4xx.o
                                0x410 (size before relaxing)
 .debug_str     0x00003efd       0x1a Src\usart.o
                                0x90c (size before relaxing)

.comment        0x00000000       0x7c
 .comment       0x00000000       0x7c Drivers\STM32L4xx_HAL_Driver\Src\stm32l4xx_hal.o
                                 0x7d (size before relaxing)
 .comment       0x0000007c       0x7d Drivers\STM32L4xx_HAL_Driver\Src\stm32l4xx_hal_cortex.o
 .comment       0x0000007c       0x7d Drivers\STM32L4xx_HAL_Driver\Src\stm32l4xx_hal_gpio.o
 .comment       0x0000007c       0x7d Drivers\STM32L4xx_HAL_Driver\Src\stm32l4xx_hal_i2c.o
 .comment       0x0000007c       0x7d Drivers\STM32L4xx_HAL_Driver\Src\stm32l4xx_hal_i2c_ex.o
 .comment       0x0000007c       0x7d Drivers\STM32L4xx_HAL_Driver\Src\stm32l4xx_hal_lptim.o
 .comment       0x0000007c       0x7d Drivers\STM32L4xx_HAL_Driver\Src\stm32l4xx_hal_pwr_ex.o
 .comment       0x0000007c       0x7d Drivers\STM32L4xx_HAL_Driver\Src\stm32l4xx_hal_rcc.o
 .comment       0x0000007c       0x7d Drivers\STM32L4xx_HAL_Driver\Src\stm32l4xx_hal_rcc_ex.o
 .comment       0x0000007c       0x7d Drivers\STM32L4xx_HAL_Driver\Src\stm32l4xx_hal_uart.o
 .comment       0x0000007c       0x7d Src\gpio.o
 .comment       0x0000007c       0x7d Src\i2c.o
 .comment       0x0000007c       0x7d Src\lptim.o
 .comment       0x0000007c       0x7d Src\main.o
 .comment       0x0000007c       0x7d Src\stm32l4xx_hal_msp.o
 .comment       0x0000007c       0x7d Src\stm32l4xx_it.o
 .comment       0x0000007c       0x7d Src\system_stm32l4xx.o
 .comment       0x0000007c       0x7d Src\usart.o

.debug_frame    0x00000000     0x1f94
 .debug_frame   0x00000000      0x244 Drivers\STM32L4xx_HAL_Driver\Src\stm32l4xx_hal.o
 .debug_frame   0x00000244      0x158 Drivers\STM32L4xx_HAL_Driver\Src\stm32l4xx_hal_cortex.o
 .debug_frame   0x0000039c       0xdc Drivers\STM32L4xx_HAL_Driver\Src\stm32l4xx_hal_gpio.o
 .debug_frame   0x00000478      0x8d8 Drivers\STM32L4xx_HAL_Driver\Src\stm32l4xx_hal_i2c.o
 .debug_frame   0x00000d50       0x90 Drivers\STM32L4xx_HAL_Driver\Src\stm32l4xx_hal_i2c_ex.o
 .debug_frame   0x00000de0      0x308 Drivers\STM32L4xx_HAL_Driver\Src\stm32l4xx_hal_lptim.o
 .debug_frame   0x000010e8      0x278 Drivers\STM32L4xx_HAL_Driver\Src\stm32l4xx_hal_pwr_ex.o
 .debug_frame   0x00001360      0x160 Drivers\STM32L4xx_HAL_Driver\Src\stm32l4xx_hal_rcc.o
 .debug_frame   0x000014c0      0x200 Drivers\STM32L4xx_HAL_Driver\Src\stm32l4xx_hal_rcc_ex.o
 .debug_frame   0x000016c0      0x548 Drivers\STM32L4xx_HAL_Driver\Src\stm32l4xx_hal_uart.o
 .debug_frame   0x00001c08       0x30 Src\gpio.o
 .debug_frame   0x00001c38       0xa0 Src\i2c.o
 .debug_frame   0x00001cd8       0x58 Src\lptim.o
 .debug_frame   0x00001d30       0x58 Src\main.o
 .debug_frame   0x00001d88       0x28 Src\stm32l4xx_hal_msp.o
 .debug_frame   0x00001db0       0xa0 Src\stm32l4xx_it.o
 .debug_frame   0x00001e50       0x38 Src\system_stm32l4xx.o
 .debug_frame   0x00001e88       0x60 Src\usart.o
 .debug_frame   0x00001ee8       0x2c c:/program files (x86)/atollic/truestudio for stm32 9.0.1/armtools/bin/../lib/gcc/arm-atollic-eabi/6.3.1/../../../../arm-atollic-eabi/lib/armv7e-m/fpu\libc_nano.a(lib_a-init.o)
 .debug_frame   0x00001f14       0x20 c:/program files (x86)/atollic/truestudio for stm32 9.0.1/armtools/bin/../lib/gcc/arm-atollic-eabi/6.3.1/../../../../arm-atollic-eabi/lib/armv7e-m/fpu\libc_nano.a(lib_a-memset.o)
 .debug_frame   0x00001f34       0x2c c:/program files (x86)/atollic/truestudio for stm32 9.0.1/armtools/bin/../lib/gcc/arm-atollic-eabi/6.3.1/armv7e-m/fpu\libgcc.a(_aeabi_uldivmod.o)
 .debug_frame   0x00001f60       0x34 c:/program files (x86)/atollic/truestudio for stm32 9.0.1/armtools/bin/../lib/gcc/arm-atollic-eabi/6.3.1/armv7e-m/fpu\libgcc.a(_udivmoddi4.o)
