Archive member included to satisfy reference by file (symbol)

c:/program files (x86)/atollic/truestudio for stm32 9.0.1/armtools/bin/../lib/gcc/arm-atollic-eabi/6.3.1/../../../../arm-atollic-eabi/lib/armv7e-m/fpu\libm.a(lib_a-w_pow.o)
                              Src\BMP180\SFE_BMP180.o (pow)
c:/program files (x86)/atollic/truestudio for stm32 9.0.1/armtools/bin/../lib/gcc/arm-atollic-eabi/6.3.1/../../../../arm-atollic-eabi/lib/armv7e-m/fpu\libm.a(lib_a-e_pow.o)
                              c:/program files (x86)/atollic/truestudio for stm32 9.0.1/armtools/bin/../lib/gcc/arm-atollic-eabi/6.3.1/../../../../arm-atollic-eabi/lib/armv7e-m/fpu\libm.a(lib_a-w_pow.o) (__ieee754_pow)
c:/program files (x86)/atollic/truestudio for stm32 9.0.1/armtools/bin/../lib/gcc/arm-atollic-eabi/6.3.1/../../../../arm-atollic-eabi/lib/armv7e-m/fpu\libm.a(lib_a-e_sqrt.o)
                              c:/program files (x86)/atollic/truestudio for stm32 9.0.1/armtools/bin/../lib/gcc/arm-atollic-eabi/6.3.1/../../../../arm-atollic-eabi/lib/armv7e-m/fpu\libm.a(lib_a-e_pow.o) (__ieee754_sqrt)
c:/program files (x86)/atollic/truestudio for stm32 9.0.1/armtools/bin/../lib/gcc/arm-atollic-eabi/6.3.1/../../../../arm-atollic-eabi/lib/armv7e-m/fpu\libm.a(lib_a-s_fabs.o)
                              c:/program files (x86)/atollic/truestudio for stm32 9.0.1/armtools/bin/../lib/gcc/arm-atollic-eabi/6.3.1/../../../../arm-atollic-eabi/lib/armv7e-m/fpu\libm.a(lib_a-e_pow.o) (fabs)
c:/program files (x86)/atollic/truestudio for stm32 9.0.1/armtools/bin/../lib/gcc/arm-atollic-eabi/6.3.1/../../../../arm-atollic-eabi/lib/armv7e-m/fpu\libm.a(lib_a-s_finite.o)
                              c:/program files (x86)/atollic/truestudio for stm32 9.0.1/armtools/bin/../lib/gcc/arm-atollic-eabi/6.3.1/../../../../arm-atollic-eabi/lib/armv7e-m/fpu\libm.a(lib_a-w_pow.o) (finite)
c:/program files (x86)/atollic/truestudio for stm32 9.0.1/armtools/bin/../lib/gcc/arm-atollic-eabi/6.3.1/../../../../arm-atollic-eabi/lib/armv7e-m/fpu\libm.a(lib_a-s_lib_ver.o)
                              c:/program files (x86)/atollic/truestudio for stm32 9.0.1/armtools/bin/../lib/gcc/arm-atollic-eabi/6.3.1/../../../../arm-atollic-eabi/lib/armv7e-m/fpu\libm.a(lib_a-w_pow.o) (__fdlib_version)
c:/program files (x86)/atollic/truestudio for stm32 9.0.1/armtools/bin/../lib/gcc/arm-atollic-eabi/6.3.1/../../../../arm-atollic-eabi/lib/armv7e-m/fpu\libm.a(lib_a-s_matherr.o)
                              c:/program files (x86)/atollic/truestudio for stm32 9.0.1/armtools/bin/../lib/gcc/arm-atollic-eabi/6.3.1/../../../../arm-atollic-eabi/lib/armv7e-m/fpu\libm.a(lib_a-w_pow.o) (matherr)
c:/program files (x86)/atollic/truestudio for stm32 9.0.1/armtools/bin/../lib/gcc/arm-atollic-eabi/6.3.1/../../../../arm-atollic-eabi/lib/armv7e-m/fpu\libm.a(lib_a-s_nan.o)
                              c:/program files (x86)/atollic/truestudio for stm32 9.0.1/armtools/bin/../lib/gcc/arm-atollic-eabi/6.3.1/../../../../arm-atollic-eabi/lib/armv7e-m/fpu\libm.a(lib_a-e_pow.o) (nan)
c:/program files (x86)/atollic/truestudio for stm32 9.0.1/armtools/bin/../lib/gcc/arm-atollic-eabi/6.3.1/../../../../arm-atollic-eabi/lib/armv7e-m/fpu\libm.a(lib_a-s_rint.o)
                              c:/program files (x86)/atollic/truestudio for stm32 9.0.1/armtools/bin/../lib/gcc/arm-atollic-eabi/6.3.1/../../../../arm-atollic-eabi/lib/armv7e-m/fpu\libm.a(lib_a-w_pow.o) (rint)
c:/program files (x86)/atollic/truestudio for stm32 9.0.1/armtools/bin/../lib/gcc/arm-atollic-eabi/6.3.1/../../../../arm-atollic-eabi/lib/armv7e-m/fpu\libm.a(lib_a-s_scalbn.o)
                              c:/program files (x86)/atollic/truestudio for stm32 9.0.1/armtools/bin/../lib/gcc/arm-atollic-eabi/6.3.1/../../../../arm-atollic-eabi/lib/armv7e-m/fpu\libm.a(lib_a-e_pow.o) (scalbn)
c:/program files (x86)/atollic/truestudio for stm32 9.0.1/armtools/bin/../lib/gcc/arm-atollic-eabi/6.3.1/../../../../arm-atollic-eabi/lib/armv7e-m/fpu\libm.a(lib_a-s_copysign.o)
                              c:/program files (x86)/atollic/truestudio for stm32 9.0.1/armtools/bin/../lib/gcc/arm-atollic-eabi/6.3.1/../../../../arm-atollic-eabi/lib/armv7e-m/fpu\libm.a(lib_a-s_scalbn.o) (copysign)
c:/program files (x86)/atollic/truestudio for stm32 9.0.1/armtools/bin/../lib/gcc/arm-atollic-eabi/6.3.1/../../../../arm-atollic-eabi/lib/armv7e-m/fpu\libc_nano.a(lib_a-errno.o)
                              Src\syscalls.o (__errno)
c:/program files (x86)/atollic/truestudio for stm32 9.0.1/armtools/bin/../lib/gcc/arm-atollic-eabi/6.3.1/../../../../arm-atollic-eabi/lib/armv7e-m/fpu\libc_nano.a(lib_a-impure.o)
                              c:/program files (x86)/atollic/truestudio for stm32 9.0.1/armtools/bin/../lib/gcc/arm-atollic-eabi/6.3.1/../../../../arm-atollic-eabi/lib/armv7e-m/fpu\libc_nano.a(lib_a-errno.o) (_impure_ptr)
[...]
Memory Configuration

Name             Origin             Length             Attributes
RAM              0x20000000         0x00018000         xrw
RAM2             0x10000000         0x00008000         xrw
FLASH            0x08000000         0x00100000         xr
*default*        0x00000000         0xffffffff

Linker script and memory map

LOAD c:/program files (x86)/atollic/truestudio for stm32 9.0.1/armtools/bin/../lib/gcc/arm-atollic-eabi/6.3.1/armv7e-m/fpu/crti.o
LOAD c:/program files (x86)/atollic/truestudio for stm32 9.0.1/armtools/bin/../lib/gcc/arm-atollic-eabi/6.3.1/armv7e-m/fpu/crtbegin.o
LOAD Drivers\STM32L4xx_HAL_Driver\Src\stm32l4xx_hal.o
LOAD Drivers\STM32L4xx_HAL_Driver\Src\stm32l4xx_hal_adc.o
LOAD Drivers\STM32L4xx_HAL_Driver\Src\stm32l4xx_hal_adc_ex.o
LOAD Drivers\STM32L4xx_HAL_Driver\Src\stm32l4xx_hal_cortex.o
LOAD Drivers\STM32L4xx_HAL_Driver\Src\stm32l4xx_hal_dma.o
LOAD Drivers\STM32L4xx_HAL_Driver\Src\stm32l4xx_hal_dma_ex.o
LOAD Drivers\STM32L4xx_HAL_Driver\Src\stm32l4xx_hal_exti.o
LOAD Drivers\STM32L4xx_HAL_Driver\Src\stm32l4xx_hal_flash.o
LOAD Drivers\STM32L4xx_HAL_Driver\Src\stm32l4xx_hal_flash_ex.o
LOAD Drivers\STM32L4xx_HAL_Driver\Src\stm32l4xx_hal_flash_ramfunc.o
LOAD Drivers\STM32L4xx_HAL_Driver\Src\stm32l4xx_hal_gpio.o
LOAD Drivers\STM32L4xx_HAL_Driver\Src\stm32l4xx_hal_i2c.o
LOAD Drivers\STM32L4xx_HAL_Driver\Src\stm32l4xx_hal_i2c_ex.o
LOAD Drivers\STM32L4xx_HAL_Driver\Src\stm32l4xx_hal_lptim.o
LOAD Drivers\STM32L4xx_HAL_Driver\Src\stm32l4xx_hal_pwr.o
LOAD Drivers\STM32L4xx_HAL_Driver\Src\stm32l4xx_hal_pwr_ex.o
LOAD Drivers\STM32L4xx_HAL_Driver\Src\stm32l4xx_hal_rcc.o
LOAD Drivers\STM32L4xx_HAL_Driver\Src\stm32l4xx_hal_rcc_ex.o
LOAD Drivers\STM32L4xx_HAL_Driver\Src\stm32l4xx_hal_tim.o
LOAD Drivers\STM32L4xx_HAL_Driver\Src\stm32l4xx_hal_tim_ex.o
LOAD Drivers\STM32L4xx_HAL_Driver\Src\stm32l4xx_hal_uart.o
LOAD Drivers\STM32L4xx_HAL_Driver\Src\stm32l4xx_hal_uart_ex.o
LOAD Src\BMP180\SFE_BMP180.o
LOAD Src\NightShade\NS_eS2_Utilities.o
LOAD Src\NightShade\NS_energyShield2.o
LOAD Src\adc.o
LOAD Src\gpio.o
LOAD Src\i2c.o
LOAD Src\lptim.o
LOAD Src\main.o
LOAD Src\stm32l4xx_hal_msp.o
LOAD Src\stm32l4xx_it.o
LOAD Src\syscalls.o
LOAD Src\system_stm32l4xx.o
LOAD Src\usart.o
LOAD startup\startup_stm32l476xx.o
                0x00001000                malloc_getpagesize_P = 0x1000
START GROUP
LOAD c:/program files (x86)/atollic/truestudio for stm32 9.0.1/armtools/bin/../lib/gcc/arm-atollic-eabi/6.3.1/../../../../arm-atollic-eabi/lib/armv7e-m/fpu\libstdc++_nano.a
LOAD c:/program files (x86)/atollic/truestudio for stm32 9.0.1/armtools/bin/../lib/gcc/arm-atollic-eabi/6.3.1/../../../../arm-atollic-eabi/lib/armv7e-m/fpu\libsupc++_nano.a
END GROUP
LOAD c:/program files (x86)/atollic/truestudio for stm32 9.0.1/armtools/bin/../lib/gcc/arm-atollic-eabi/6.3.1/../../../../arm-atollic-eabi/lib/armv7e-m/fpu\libstdc++_nano.a
LOAD c:/program files (x86)/atollic/truestudio for stm32 9.0.1/armtools/bin/../lib/gcc/arm-atollic-eabi/6.3.1/../../../../arm-atollic-eabi/lib/armv7e-m/fpu\libm.a
LOAD c:/program files (x86)/atollic/truestudio for stm32 9.0.1/armtools/bin/../lib/gcc/arm-atollic-eabi/6.3.1/../../../../arm-atollic-eabi/lib/armv7e-m/fpu\libc_nano.a
START GROUP
LOAD c:/program files (x86)/atollic/truestudio for stm32 9.0.1/armtools/bin/../lib/gcc/arm-atollic-eabi/6.3.1/armv7e-m/fpu\libgcc.a
LOAD c:/program files (x86)/atollic/truestudio for stm32 9.0.1/armtools/bin/../lib/gcc/arm-atollic-eabi/6.3.1/../../../../arm-atollic-eabi/lib/armv7e-m/fpu\libc_nano.a
END GROUP
START GROUP
LOAD c:/program files (x86)/atollic/truestudio for stm32 9.0.1/armtools/bin/../lib/gcc/arm-atollic-eabi/6.3.1/armv7e-m/fpu\libgcc.a
LOAD c:/program files (x86)/atollic/truestudio for stm32 9.0.1/armtools/bin/../lib/gcc/arm-atollic-eabi/6.3.1/../../../../arm-atollic-eabi/lib/armv7e-m/fpu\libc_nano.a
LOAD c:/program files (x86)/atollic/truestudio for stm32 9.0.1/armtools/bin/../lib/gcc/arm-atollic-eabi/6.3.1/../../../../arm-atollic-eabi/lib/armv7e-m/fpu\libnosys.a
END GROUP
START GROUP
LOAD c:/program files (x86)/atollic/truestudio for stm32 9.0.1/armtools/bin/../lib/gcc/arm-atollic-eabi/6.3.1/armv7e-m/fpu\libgcc.a
LOAD c:/program files (x86)/atollic/truestudio for stm32 9.0.1/armtools/bin/../lib/gcc/arm-atollic-eabi/6.3.1/../../../../arm-atollic-eabi/lib/armv7e-m/fpu\libc_nano.a
LOAD c:/program files (x86)/atollic/truestudio for stm32 9.0.1/armtools/bin/../lib/gcc/arm-atollic-eabi/6.3.1/../../../../arm-atollic-eabi/lib/armv7e-m/fpu\libnosys.a
END GROUP
LOAD c:/program files (x86)/atollic/truestudio for stm32 9.0.1/armtools/bin/../lib/gcc/arm-atollic-eabi/6.3.1/armv7e-m/fpu/crtend.o
LOAD c:/program files (x86)/atollic/truestudio for stm32 9.0.1/armtools/bin/../lib/gcc/arm-atollic-eabi/6.3.1/armv7e-m/fpu/crtn.o
                0x20018000                _estack = 0x20018000
                0x00000200                _Min_Heap_Size = 0x200
                0x00000400                _Min_Stack_Size = 0x400

.isr_vector     0x08000000      0x188
                0x08000000                . = ALIGN (0x4)
 *(.isr_vector)
 .isr_vector    0x08000000      0x188 startup\startup_stm32l476xx.o
                0x08000000                g_pfnVectors
                0x08000188                . = ALIGN (0x4)

.text           0x08000190     0xa1fc
                0x08000190                . = ALIGN (0x4)
 *(.text)
 .text          0x08000190       0x40 c:/program files (x86)/atollic/truestudio for stm32 9.0.1/armtools/bin/../lib/gcc/arm-atollic-eabi/6.3.1/armv7e-m/fpu/crtbegin.o
 .text          0x080001d0       0x10 c:/program files (x86)/atollic/truestudio for stm32 9.0.1/armtools/bin/../lib/gcc/arm-atollic-eabi/6.3.1/../../../../arm-atollic-eabi/lib/armv7e-m/fpu\libc_nano.a(lib_a-strlen.o)
                0x080001d0                strlen
 .text          0x080001e0       0xa0 c:/program files (x86)/atollic/truestudio for stm32 9.0.1/armtools/bin/../lib/gcc/arm-atollic-eabi/6.3.1/../../../../arm-atollic-eabi/lib/armv7e-m/fpu\libc_nano.a(lib_a-memchr.o)
                0x080001e0                memchr
 .text          0x08000280      0x370 c:/program files (x86)/atollic/truestudio for stm32 9.0.1/armtools/bin/../lib/gcc/arm-atollic-eabi/6.3.1/armv7e-m/fpu\libgcc.a(_arm_addsubdf3.o)
                0x08000280                __aeabi_drsub
                0x08000288                __aeabi_dsub
                0x08000288                __subdf3
                0x0800028c                __aeabi_dadd
                0x0800028c                __adddf3
                0x08000504                __floatunsidf
                0x08000504                __aeabi_ui2d
                0x08000524                __floatsidf
                0x08000524                __aeabi_i2d
                0x08000548                __aeabi_f2d
                0x08000548                __extendsfdf2
                0x08000584                __floatundidf
                0x08000584                __aeabi_ul2d
                0x08000594                __floatdidf
                0x08000594                __aeabi_l2d
 .text          0x080005f0      0x424 c:/program files (x86)/atollic/truestudio for stm32 9.0.1/armtools/bin/../lib/gcc/arm-atollic-eabi/6.3.1/armv7e-m/fpu\libgcc.a(_arm_muldivdf3.o)
                0x080005f0                __aeabi_dmul
                0x080005f0                __muldf3
                0x08000844                __divdf3
                0x08000844                __aeabi_ddiv
 .text          0x08000a14      0x110 c:/program files (x86)/atollic/truestudio for stm32 9.0.1/armtools/bin/../lib/gcc/arm-atollic-eabi/6.3.1/armv7e-m/fpu\libgcc.a(_arm_cmpdf2.o)
                0x08000a14                __gtdf2
                0x08000a14                __gedf2
                0x08000a1c                __ltdf2
                0x08000a1c                __ledf2
                0x08000a24                __nedf2
                0x08000a24                __eqdf2
                0x08000a24                __cmpdf2
                0x08000aa0                __aeabi_cdrcmple
                0x08000ab0                __aeabi_cdcmpeq
                0x08000ab0                __aeabi_cdcmple
                0x08000ac0                __aeabi_dcmpeq
                0x08000ad4                __aeabi_dcmplt
                0x08000ae8                __aeabi_dcmple
                0x08000afc                __aeabi_dcmpge
                0x08000b10                __aeabi_dcmpgt
 .text          0x08000b24       0x2c c:/program files (x86)/atollic/truestudio for stm32 9.0.1/armtools/bin/../lib/gcc/arm-atollic-eabi/6.3.1/armv7e-m/fpu\libgcc.a(_arm_unorddf2.o)
                0x08000b24                __unorddf2
                0x08000b24                __aeabi_dcmpun
 .text          0x08000b50       0x50 c:/program files (x86)/atollic/truestudio for stm32 9.0.1/armtools/bin/../lib/gcc/arm-atollic-eabi/6.3.1/armv7e-m/fpu\libgcc.a(_arm_fixdfsi.o)
                0x08000b50                __aeabi_d2iz
                0x08000b50                __fixdfsi
 .text          0x08000ba0       0xa0 c:/program files (x86)/atollic/truestudio for stm32 9.0.1/armtools/bin/../lib/gcc/arm-atollic-eabi/6.3.1/armv7e-m/fpu\libgcc.a(_arm_truncdfsf2.o)
                0x08000ba0                __truncdfsf2
                0x08000ba0                __aeabi_d2f
 .text          0x08000c40       0x30 c:/program files (x86)/atollic/truestudio for stm32 9.0.1/armtools/bin/../lib/gcc/arm-atollic-eabi/6.3.1/armv7e-m/fpu\libgcc.a(_aeabi_uldivmod.o)
                0x08000c40                __aeabi_uldivmod
 .text          0x08000c70       0x3c c:/program files (x86)/atollic/truestudio for stm32 9.0.1/armtools/bin/../lib/gcc/arm-atollic-eabi/6.3.1/armv7e-m/fpu\libgcc.a(_powisf2.o)
                0x08000c70                __powisf2
 .text          0x08000cac      0x2dc c:/program files (x86)/atollic/truestudio for stm32 9.0.1/armtools/bin/../lib/gcc/arm-atollic-eabi/6.3.1/armv7e-m/fpu\libgcc.a(_udivmoddi4.o)
                0x08000cac                __udivmoddi4
 .text          0x08000f88      0x9cc c:/program files (x86)/atollic/truestudio for stm32 9.0.1/armtools/bin/../lib/gcc/arm-atollic-eabi/6.3.1/armv7e-m/fpu\libgcc.a(unwind-arm.o)
                0x08001248                _Unwind_GetCFA
                0x0800124c                __gnu_Unwind_RaiseException
                0x080012ac                __gnu_Unwind_ForcedUnwind
                0x080012c0                __gnu_Unwind_Resume
                0x08001304                __gnu_Unwind_Resume_or_Rethrow
                0x08001314                _Unwind_Complete
                0x08001318                _Unwind_DeleteException
                0x08001324                _Unwind_VRS_Get
                0x08001370                _Unwind_VRS_Set
                0x080013c0                __gnu_Unwind_Backtrace
                0x08001700                __aeabi_unwind_cpp_pr0
                0x08001704                __aeabi_unwind_cpp_pr1
                0x08001708                __aeabi_unwind_cpp_pr2
                0x0800170c                _Unwind_VRS_Pop
 .text          0x08001954      0x1ac c:/program files (x86)/atollic/truestudio for stm32 9.0.1/armtools/bin/../lib/gcc/arm-atollic-eabi/6.3.1/armv7e-m/fpu\libgcc.a(libunwind.o)
                0x08001954                __restore_core_regs
                0x08001954                restore_core_regs
                0x0800196c                __gnu_Unwind_Restore_VFP
                0x08001974                __gnu_Unwind_Save_VFP
                0x0800197c                __gnu_Unwind_Restore_VFP_D
                0x08001984                __gnu_Unwind_Save_VFP_D
                0x0800198c                __gnu_Unwind_Restore_VFP_D_16_to_31
                0x08001994                __gnu_Unwind_Save_VFP_D_16_to_31
                0x0800199c                __gnu_Unwind_Restore_WMMXD
                0x080019e0                __gnu_Unwind_Save_WMMXD
                0x08001a24                __gnu_Unwind_Restore_WMMXC
                0x08001a38                __gnu_Unwind_Save_WMMXC
                0x08001a4c                ___Unwind_RaiseException
                0x08001a4c                _Unwind_RaiseException
                0x08001a70                _Unwind_Resume
                0x08001a70                ___Unwind_Resume
                0x08001a94                _Unwind_Resume_or_Rethrow
                0x08001a94                ___Unwind_Resume_or_Rethrow
                0x08001ab8                _Unwind_ForcedUnwind
                0x08001ab8                ___Unwind_ForcedUnwind
                0x08001adc                ___Unwind_Backtrace
                0x08001adc                _Unwind_Backtrace
 .text          0x08001b00      0x380 c:/program files (x86)/atollic/truestudio for stm32 9.0.1/armtools/bin/../lib/gcc/arm-atollic-eabi/6.3.1/armv7e-m/fpu\libgcc.a(pr-support.o)
                0x08001b58                __gnu_unwind_execute
                0x08001e28                __gnu_unwind_frame
                0x08001e50                _Unwind_GetRegionStart
                0x08001e5c                _Unwind_GetLanguageSpecificData
                0x08001e70                _Unwind_GetTextRelBase
                0x08001e78                _Unwind_GetDataRelBase
 .text          0x08001e80        0x4 c:/program files (x86)/atollic/truestudio for stm32 9.0.1/armtools/bin/../lib/gcc/arm-atollic-eabi/6.3.1/armv7e-m/fpu\libgcc.a(_dvmd_tls.o)
                0x08001e80                __aeabi_idiv0
                0x08001e80                __aeabi_ldiv0
 *(.text*)
 .text.HAL_InitTick
                0x08001e84       0x30 Drivers\STM32L4xx_HAL_Driver\Src\stm32l4xx_hal.o
                0x08001e84                HAL_InitTick
 .text.HAL_Init
                0x08001eb4       0x2c Drivers\STM32L4xx_HAL_Driver\Src\stm32l4xx_hal.o
                0x08001eb4                HAL_Init
 .text.HAL_IncTick
                0x08001ee0       0x10 Drivers\STM32L4xx_HAL_Driver\Src\stm32l4xx_hal.o
                0x08001ee0                HAL_IncTick
 .text.HAL_GetTick
                0x08001ef0        0xc Drivers\STM32L4xx_HAL_Driver\Src\stm32l4xx_hal.o
                0x08001ef0                HAL_GetTick
 .text.HAL_Delay
                0x08001efc       0x1c Drivers\STM32L4xx_HAL_Driver\Src\stm32l4xx_hal.o
                0x08001efc                HAL_Delay
 .text.LL_ADC_SetChannelSamplingTime
                0x08001f18       0x24 Drivers\STM32L4xx_HAL_Driver\Src\stm32l4xx_hal_adc.o
 .text.LL_ADC_IsEnabled
                0x08001f3c        0x8 Drivers\STM32L4xx_HAL_Driver\Src\stm32l4xx_hal_adc.o
 .text.LL_ADC_REG_IsConversionOngoing
                0x08001f44        0x8 Drivers\STM32L4xx_HAL_Driver\Src\stm32l4xx_hal_adc.o
 .text.HAL_ADC_Init
                0x08001f4c      0x1c0 Drivers\STM32L4xx_HAL_Driver\Src\stm32l4xx_hal_adc.o
                0x08001f4c                HAL_ADC_Init
 .text.HAL_ADC_PollForConversion
                0x0800210c       0xf0 Drivers\STM32L4xx_HAL_Driver\Src\stm32l4xx_hal_adc.o
                0x0800210c                HAL_ADC_PollForConversion
 .text.HAL_ADC_GetValue
                0x080021fc        0x6 Drivers\STM32L4xx_HAL_Driver\Src\stm32l4xx_hal_adc.o
                0x080021fc                HAL_ADC_GetValue
 *fill*         0x08002202        0x2 
 .text.HAL_ADC_ConfigChannel
                0x08002204      0x3c4 Drivers\STM32L4xx_HAL_Driver\Src\stm32l4xx_hal_adc.o
                0x08002204                HAL_ADC_ConfigChannel
 .text.ADC_Enable
                0x080025c8       0x70 Drivers\STM32L4xx_HAL_Driver\Src\stm32l4xx_hal_adc.o
                0x080025c8                ADC_Enable
 .text.HAL_ADC_Start
                0x08002638       0xe4 Drivers\STM32L4xx_HAL_Driver\Src\stm32l4xx_hal_adc.o
                0x08002638                HAL_ADC_Start
 .text.LL_ADC_IsEnabled
                0x0800271c        0x8 Drivers\STM32L4xx_HAL_Driver\Src\stm32l4xx_hal_adc_ex.o
 .text.LL_ADC_REG_IsConversionOngoing
                0x08002724        0x8 Drivers\STM32L4xx_HAL_Driver\Src\stm32l4xx_hal_adc_ex.o
 .text.HAL_ADCEx_MultiModeConfigChannel
                0x0800272c       0xf0 Drivers\STM32L4xx_HAL_Driver\Src\stm32l4xx_hal_adc_ex.o
                0x0800272c                HAL_ADCEx_MultiModeConfigChannel
 .text.HAL_NVIC_SetPriorityGrouping
                0x0800281c       0x24 Drivers\STM32L4xx_HAL_Driver\Src\stm32l4xx_hal_cortex.o
                0x0800281c                HAL_NVIC_SetPriorityGrouping
 .text.HAL_NVIC_SetPriority
                0x08002840       0x68 Drivers\STM32L4xx_HAL_Driver\Src\stm32l4xx_hal_cortex.o
                0x08002840                HAL_NVIC_SetPriority
 .text.HAL_SYSTICK_Config
                0x080028a8       0x2c Drivers\STM32L4xx_HAL_Driver\Src\stm32l4xx_hal_cortex.o
                0x080028a8                HAL_SYSTICK_Config
 .text.HAL_GPIO_Init
                0x080028d4      0x1b8 Drivers\STM32L4xx_HAL_Driver\Src\stm32l4xx_hal_gpio.o
                0x080028d4                HAL_GPIO_Init
 .text.HAL_GPIO_WritePin
                0x08002a8c        0xa Drivers\STM32L4xx_HAL_Driver\Src\stm32l4xx_hal_gpio.o
                0x08002a8c                HAL_GPIO_WritePin
 .text.I2C_Flush_TXDR
                0x08002a96       0x1c Drivers\STM32L4xx_HAL_Driver\Src\stm32l4xx_hal_i2c.o
 .text.I2C_TransferConfig
                0x08002ab2       0x34 Drivers\STM32L4xx_HAL_Driver\Src\stm32l4xx_hal_i2c.o
 .text.I2C_WaitOnFlagUntilTimeout
                0x08002ae6       0x56 Drivers\STM32L4xx_HAL_Driver\Src\stm32l4xx_hal_i2c.o
 .text.I2C_IsAcknowledgeFailed
                0x08002b3c       0x7a Drivers\STM32L4xx_HAL_Driver\Src\stm32l4xx_hal_i2c.o
 .text.I2C_WaitOnTXISFlagUntilTimeout
                0x08002bb6       0x4e Drivers\STM32L4xx_HAL_Driver\Src\stm32l4xx_hal_i2c.o
 .text.I2C_RequestMemoryWrite
                0x08002c04       0x64 Drivers\STM32L4xx_HAL_Driver\Src\stm32l4xx_hal_i2c.o
 .text.I2C_RequestMemoryRead
                0x08002c68       0x64 Drivers\STM32L4xx_HAL_Driver\Src\stm32l4xx_hal_i2c.o
 .text.I2C_WaitOnSTOPFlagUntilTimeout
                0x08002ccc       0x4a Drivers\STM32L4xx_HAL_Driver\Src\stm32l4xx_hal_i2c.o
 .text.I2C_WaitOnRXNEFlagUntilTimeout
                0x08002d16       0x7e Drivers\STM32L4xx_HAL_Driver\Src\stm32l4xx_hal_i2c.o
 .text.HAL_I2C_Init
                0x08002d94       0xa2 Drivers\STM32L4xx_HAL_Driver\Src\stm32l4xx_hal_i2c.o
                0x08002d94                HAL_I2C_Init
 *fill*         0x08002e36        0x2 
 .text.HAL_I2C_Master_Transmit
                0x08002e38      0x128 Drivers\STM32L4xx_HAL_Driver\Src\stm32l4xx_hal_i2c.o
                0x08002e38                HAL_I2C_Master_Transmit
 .text.HAL_I2C_Master_Receive
                0x08002f60      0x12c Drivers\STM32L4xx_HAL_Driver\Src\stm32l4xx_hal_i2c.o
                0x08002f60                HAL_I2C_Master_Receive
 .text.HAL_I2C_Mem_Write
                0x0800308c      0x16e Drivers\STM32L4xx_HAL_Driver\Src\stm32l4xx_hal_i2c.o
                0x0800308c                HAL_I2C_Mem_Write
 *fill*         0x080031fa        0x2 
 .text.HAL_I2C_Mem_Read
                0x080031fc      0x17c Drivers\STM32L4xx_HAL_Driver\Src\stm32l4xx_hal_i2c.o
                0x080031fc                HAL_I2C_Mem_Read
 .text.HAL_I2CEx_ConfigAnalogFilter
                0x08003378       0x4c Drivers\STM32L4xx_HAL_Driver\Src\stm32l4xx_hal_i2c_ex.o
                0x08003378                HAL_I2CEx_ConfigAnalogFilter
 .text.HAL_I2CEx_ConfigDigitalFilter
                0x080033c4       0x4a Drivers\STM32L4xx_HAL_Driver\Src\stm32l4xx_hal_i2c_ex.o
                0x080033c4                HAL_I2CEx_ConfigDigitalFilter
 *fill*         0x0800340e        0x2 
 .text.HAL_LPTIM_Init
                0x08003410       0xa4 Drivers\STM32L4xx_HAL_Driver\Src\stm32l4xx_hal_lptim.o
                0x08003410                HAL_LPTIM_Init
 .text.HAL_PWREx_GetVoltageRange
                0x080034b4       0x10 Drivers\STM32L4xx_HAL_Driver\Src\stm32l4xx_hal_pwr_ex.o
                0x080034b4                HAL_PWREx_GetVoltageRange
 .text.HAL_PWREx_ControlVoltageScaling
                0x080034c4       0x6c Drivers\STM32L4xx_HAL_Driver\Src\stm32l4xx_hal_pwr_ex.o
                0x080034c4                HAL_PWREx_ControlVoltageScaling
 .text.RCC_SetFlashLatencyFromMSIRange
                0x08003530       0x84 Drivers\STM32L4xx_HAL_Driver\Src\stm32l4xx_hal_rcc.o
 .text.HAL_RCC_GetSysClockFreq
                0x080035b4       0xa8 Drivers\STM32L4xx_HAL_Driver\Src\stm32l4xx_hal_rcc.o
                0x080035b4                HAL_RCC_GetSysClockFreq
 .text.HAL_RCC_OscConfig
                0x0800365c      0x44c Drivers\STM32L4xx_HAL_Driver\Src\stm32l4xx_hal_rcc.o
                0x0800365c                HAL_RCC_OscConfig
 .text.HAL_RCC_ClockConfig
                0x08003aa8      0x124 Drivers\STM32L4xx_HAL_Driver\Src\stm32l4xx_hal_rcc.o
                0x08003aa8                HAL_RCC_ClockConfig
 .text.HAL_RCC_GetPCLK1Freq
                0x08003bcc       0x24 Drivers\STM32L4xx_HAL_Driver\Src\stm32l4xx_hal_rcc.o
                0x08003bcc                HAL_RCC_GetPCLK1Freq
 .text.HAL_RCC_GetPCLK2Freq
                0x08003bf0       0x24 Drivers\STM32L4xx_HAL_Driver\Src\stm32l4xx_hal_rcc.o
                0x08003bf0                HAL_RCC_GetPCLK2Freq
 .text.RCCEx_PLLSAI1_Config
                0x08003c14      0x11c Drivers\STM32L4xx_HAL_Driver\Src\stm32l4xx_hal_rcc_ex.o
 .text.RCCEx_PLLSAI2_Config
                0x08003d30       0xfc Drivers\STM32L4xx_HAL_Driver\Src\stm32l4xx_hal_rcc_ex.o
 .text.HAL_RCCEx_PeriphCLKConfig
                0x08003e2c      0x3d0 Drivers\STM32L4xx_HAL_Driver\Src\stm32l4xx_hal_rcc_ex.o
                0x08003e2c                HAL_RCCEx_PeriphCLKConfig
 .text.UART_SetConfig
                0x080041fc      0x330 Drivers\STM32L4xx_HAL_Driver\Src\stm32l4xx_hal_uart.o
                0x080041fc                UART_SetConfig
 .text.UART_AdvFeatureConfig
                0x0800452c       0xa8 Drivers\STM32L4xx_HAL_Driver\Src\stm32l4xx_hal_uart.o
                0x0800452c                UART_AdvFeatureConfig
 .text.UART_WaitOnFlagUntilTimeout
                0x080045d4       0x62 Drivers\STM32L4xx_HAL_Driver\Src\stm32l4xx_hal_uart.o
                0x080045d4                UART_WaitOnFlagUntilTimeout
 .text.UART_CheckIdleState
                0x08004636       0x64 Drivers\STM32L4xx_HAL_Driver\Src\stm32l4xx_hal_uart.o
                0x08004636                UART_CheckIdleState
 .text.HAL_UART_Init
                0x0800469a       0x64 Drivers\STM32L4xx_HAL_Driver\Src\stm32l4xx_hal_uart.o
                0x0800469a                HAL_UART_Init
 .text._ZSt3powfi
                0x080046fe       0x24 Src\BMP180\SFE_BMP180.o
                0x080046fe                std::pow(float, int)
 .text._ZN10SFE_BMP180C2EP19__I2C_HandleTypeDef
                0x08004722       0x1e Src\BMP180\SFE_BMP180.o
                0x08004722                SFE_BMP180::SFE_BMP180(__I2C_HandleTypeDef*)
                0x08004722                SFE_BMP180::SFE_BMP180(__I2C_HandleTypeDef*)
 .text._ZN10SFE_BMP1805BeginEv
                0x08004740      0x6e4 Src\BMP180\SFE_BMP180.o
                0x08004740                SFE_BMP180::Begin()
 .text._ZN10SFE_BMP18016StartTemperatureEv
                0x08004e24       0x32 Src\BMP180\SFE_BMP180.o
                0x08004e24                SFE_BMP180::StartTemperature()
 *fill*         0x08004e56        0x2 
 .text._ZN10SFE_BMP18014GetTemperatureERf
                0x08004e58       0xfc Src\BMP180\SFE_BMP180.o
                0x08004e58                SFE_BMP180::GetTemperature(float&)
 .text._ZN10SFE_BMP18013StartPressureEi
                0x08004f54       0x80 Src\BMP180\SFE_BMP180.o
                0x08004f54                SFE_BMP180::StartPressure(int)
 .text._ZN10SFE_BMP18011GetPressureERff
                0x08004fd4      0x230 Src\BMP180\SFE_BMP180.o
                0x08004fd4                SFE_BMP180::GetPressure(float&, float)
 .text._ZN10SFE_BMP1809ReadBytesEhPhi
                0x08005204       0xae Src\BMP180\SFE_BMP180.o
                0x08005204                SFE_BMP180::ReadBytes(unsigned char, unsigned char*, int)
 .text._ZN10SFE_BMP18010WriteBytesEhPhi
                0x080052b2       0x54 Src\BMP180\SFE_BMP180.o
                0x080052b2                SFE_BMP180::WriteBytes(unsigned char, unsigned char*, int)
 .text._ZSt3powIiiEN9__gnu_cxx11__promote_2IT_T0_NS0_9__promoteIS2_XsrSt12__is_integerIS2_E7__valueEE6__typeENS4_IS3_XsrS5_IS3_E7__valueEE6__typeEE6__typeES2_S3_
                0x08005306       0x40 Src\BMP180\SFE_BMP180.o
                0x08005306                __gnu_cxx::__promote_2<int, int, __gnu_cxx::__promote<int, std::__is_integer<int>::__value>::__type, __gnu_cxx::__promote<int, std::__is_integer<int>::__value>::__type>::__type std::pow<int, int>(int, int)
 .text._ZN16NS_energyShield29writeByteEhhh
                0x08005346       0x4a Src\NightShade\NS_eS2_Utilities.o
                0x08005346                NS_energyShield2::writeByte(unsigned char, unsigned char, unsigned char)
 .text._ZN16NS_energyShield28readByteEhh
                0x08005390       0x44 Src\NightShade\NS_eS2_Utilities.o
                0x08005390                NS_energyShield2::readByte(unsigned char, unsigned char)
 .text._ZN16NS_energyShield212writeCommandEhht
                0x080053d4       0x5a Src\NightShade\NS_eS2_Utilities.o
                0x080053d4                NS_energyShield2::writeCommand(unsigned char, unsigned char, unsigned short)
 .text._ZN16NS_energyShield211readCommandEhh
                0x0800542e       0x58 Src\NightShade\NS_eS2_Utilities.o
                0x0800542e                NS_energyShield2::readCommand(unsigned char, unsigned char)
 .text._ZN16NS_energyShield214readSubCommandEht
                0x08005486       0x5c Src\NightShade\NS_eS2_Utilities.o
                0x08005486                NS_energyShield2::readSubCommand(unsigned char, unsigned short)
 .text._ZN16NS_energyShield213checkIfSealedEh
                0x080054e2       0x34 Src\NightShade\NS_eS2_Utilities.o
                0x080054e2                NS_energyShield2::checkIfSealed(unsigned char)
 *fill*         0x08005516        0x2 
 .text._ZN16NS_energyShield214setupFuelGaugeEhttth
                0x08005518      0x590 Src\NightShade\NS_eS2_Utilities.o
                0x08005518                NS_energyShield2::setupFuelGauge(unsigned char, unsigned short, unsigned short, unsigned short, unsigned char)
 .text._ZN16NS_energyShield29decodeBCDEh
                0x08005aa8       0x3c Src\NightShade\NS_eS2_Utilities.o
                0x08005aa8                NS_energyShield2::decodeBCD(unsigned char)
 .text._ZN16NS_energyShield2C2EP19__I2C_HandleTypeDef
                0x08005ae4       0x26 Src\NightShade\NS_energyShield2.o
                0x08005ae4                NS_energyShield2::NS_energyShield2(__I2C_HandleTypeDef*)
                0x08005ae4                NS_energyShield2::NS_energyShield2(__I2C_HandleTypeDef*)
 .text._ZN16NS_energyShield29readClockEv
                0x08005b0a       0x64 Src\NightShade\NS_energyShield2.o
                0x08005b0a                NS_energyShield2::readClock()
 .text._ZN16NS_energyShield26secondEv
                0x08005b6e       0x18 Src\NightShade\NS_energyShield2.o
                0x08005b6e                NS_energyShield2::second()
 .text._ZN16NS_energyShield26minuteEv
                0x08005b86       0x18 Src\NightShade\NS_energyShield2.o
                0x08005b86                NS_energyShield2::minute()
 .text._ZN16NS_energyShield24hourEv
                0x08005b9e       0x18 Src\NightShade\NS_energyShield2.o
                0x08005b9e                NS_energyShield2::hour()
 .text._ZN16NS_energyShield210dayOfMonthEv
                0x08005bb6       0x18 Src\NightShade\NS_energyShield2.o
                0x08005bb6                NS_energyShield2::dayOfMonth()
 .text._ZN16NS_energyShield25monthEv
                0x08005bce       0x18 Src\NightShade\NS_energyShield2.o
                0x08005bce                NS_energyShield2::month()
 .text._ZN16NS_energyShield24yearEv
                0x08005be6       0x18 Src\NightShade\NS_energyShield2.o
                0x08005be6                NS_energyShield2::year()
 .text._ZN16NS_energyShield211clearAlarmsEv
                0x08005bfe       0x4a Src\NightShade\NS_energyShield2.o
                0x08005bfe                NS_energyShield2::clearAlarms()
 .text._ZN16NS_energyShield28readVMPPEv
                0x08005c48       0x58 Src\NightShade\NS_energyShield2.o
                0x08005c48                NS_energyShield2::readVMPP()
 .text._ZN16NS_energyShield27setVMPPEib
                0x08005ca0       0xbc Src\NightShade\NS_energyShield2.o
                0x08005ca0                NS_energyShield2::setVMPP(int, bool)
 .text._ZN16NS_energyShield214batteryVoltageEv
                0x08005d5c       0x20 Src\NightShade\NS_energyShield2.o
                0x08005d5c                NS_energyShield2::batteryVoltage()
 .text._ZN16NS_energyShield214batteryCurrentEv
                0x08005d7c       0x22 Src\NightShade\NS_energyShield2.o
                0x08005d7c                NS_energyShield2::batteryCurrent()
 .text._ZN16NS_energyShield211temperatureEv
                0x08005d9e       0x2c Src\NightShade\NS_energyShield2.o
                0x08005d9e                NS_energyShield2::temperature()
 .text._ZN16NS_energyShield23SOCEv
                0x08005dca       0x20 Src\NightShade\NS_energyShield2.o
                0x08005dca                NS_energyShield2::SOC()
 .text._ZN16NS_energyShield218fullChargeCapacityEv
                0x08005dea       0x20 Src\NightShade\NS_energyShield2.o
                0x08005dea                NS_energyShield2::fullChargeCapacity()
 .text._ZN16NS_energyShield217remainingCapacityEv
                0x08005e0a       0x20 Src\NightShade\NS_energyShield2.o
                0x08005e0a                NS_energyShield2::remainingCapacity()
 *fill*         0x08005e2a        0x2 
 .text._ZN16NS_energyShield212inputVoltageEh
                0x08005e2c       0x74 Src\NightShade\NS_energyShield2.o
                0x08005e2c                NS_energyShield2::inputVoltage(unsigned char)
 .text._ZN16NS_energyShield25beginEv
                0x08005ea0       0x54 Src\NightShade\NS_energyShield2.o
                0x08005ea0                NS_energyShield2::begin()
 .text.MX_ADC1_Init
                0x08005ef4       0x90 Src\adc.o
                0x08005ef4                MX_ADC1_Init
 .text.HAL_ADC_MspInit
                0x08005f84       0x60 Src\adc.o
                0x08005f84                HAL_ADC_MspInit
 .text.MX_GPIO_Init
                0x08005fe4       0xa4 Src\gpio.o
                0x08005fe4                MX_GPIO_Init
 .text.MX_I2C1_Init
                0x08006088       0x58 Src\i2c.o
                0x08006088                MX_I2C1_Init
 .text.MX_I2C2_Init
                0x080060e0       0x58 Src\i2c.o
                0x080060e0                MX_I2C2_Init
 .text.MX_I2C3_Init
                0x08006138       0x58 Src\i2c.o
                0x08006138                MX_I2C3_Init
 .text.HAL_I2C_MspInit
                0x08006190      0x10c Src\i2c.o
                0x08006190                HAL_I2C_MspInit
 .text.MX_LPTIM1_Init
                0x0800629c       0x40 Src\lptim.o
                0x0800629c                MX_LPTIM1_Init
 .text.HAL_LPTIM_MspInit
                0x080062dc       0x28 Src\lptim.o
                0x080062dc                HAL_LPTIM_MspInit
 .text.main     0x08006304      0x36c Src\main.o
                0x08006304                main
 .text._Z18SystemClock_Configv
                0x08006670      0x148 Src\main.o
                0x08006670                SystemClock_Config()
 .text.Error_Handler
                0x080067b8        0xe Src\main.o
                0x080067b8                Error_Handler
 *fill*         0x080067c6        0x2 
 .text._Z41__static_initialization_and_destruction_0ii
                0x080067c8       0x40 Src\main.o
 .text._GLOBAL__sub_I_Es2
                0x08006808       0x10 Src\main.o
 .text.HAL_MspInit
                0x08006818       0x30 Src\stm32l4xx_hal_msp.o
                0x08006818                HAL_MspInit
 .text.NMI_Handler
                0x08006848        0x2 Src\stm32l4xx_it.o
                0x08006848                NMI_Handler
 .text.HardFault_Handler
                0x0800684a        0x2 Src\stm32l4xx_it.o
                0x0800684a                HardFault_Handler
 .text.MemManage_Handler
                0x0800684c        0x2 Src\stm32l4xx_it.o
                0x0800684c                MemManage_Handler
 .text.BusFault_Handler
                0x0800684e        0x2 Src\stm32l4xx_it.o
                0x0800684e                BusFault_Handler
 .text.UsageFault_Handler
                0x08006850        0x2 Src\stm32l4xx_it.o
                0x08006850                UsageFault_Handler
 .text.SVC_Handler
                0x08006852        0x2 Src\stm32l4xx_it.o
                0x08006852                SVC_Handler
 .text.DebugMon_Handler
                0x08006854        0x2 Src\stm32l4xx_it.o
                0x08006854                DebugMon_Handler
 .text.PendSV_Handler
                0x08006856        0x2 Src\stm32l4xx_it.o
                0x08006856                PendSV_Handler
 .text.SysTick_Handler
                0x08006858        0x4 Src\stm32l4xx_it.o
                0x08006858                SysTick_Handler
 .text._getpid  0x0800685c        0x4 Src\syscalls.o
                0x0800685c                _getpid
 .text._kill    0x08006860       0x10 Src\syscalls.o
                0x08006860                _kill
 .text._exit    0x08006870        0xc Src\syscalls.o
                0x08006870                _exit
 .text._read    0x0800687c       0x1c Src\syscalls.o
                0x0800687c                _read
 .text._write   0x08006898       0x32 Src\syscalls.o
                0x08006898                _write
 *fill*         0x080068ca        0x2 
 .text._sbrk    0x080068cc       0x34 Src\syscalls.o
                0x080068cc                _sbrk
 .text._close   0x08006900        0x6 Src\syscalls.o
                0x08006900                _close
 .text._fstat   0x08006906        0xa Src\syscalls.o
                0x08006906                _fstat
 .text._isatty  0x08006910        0x4 Src\syscalls.o
                0x08006910                _isatty
 .text._lseek   0x08006914        0x4 Src\syscalls.o
                0x08006914                _lseek
 .text.SystemInit
                0x08006918       0x48 Src\system_stm32l4xx.o
                0x08006918                SystemInit
 .text.MX_USART2_UART_Init
                0x08006960       0x3c Src\usart.o
                0x08006960                MX_USART2_UART_Init
 .text.HAL_UART_MspInit
                0x0800699c       0x64 Src\usart.o
                0x0800699c                HAL_UART_MspInit
 .text.Reset_Handler
                0x08006a00       0x50 startup\startup_stm32l476xx.o
                0x08006a00                Reset_Handler
 .text.Default_Handler
                0x08006a50        0x2 startup\startup_stm32l476xx.o
                0x08006a50                RTC_Alarm_IRQHandler
                0x08006a50                EXTI2_IRQHandler
                0x08006a50                TIM8_TRG_COM_IRQHandler
                0x08006a50                TIM8_CC_IRQHandler
                0x08006a50                TIM1_CC_IRQHandler
                0x08006a50                TSC_IRQHandler
                0x08006a50                TAMP_STAMP_IRQHandler
                0x08006a50                EXTI3_IRQHandler
                0x08006a50                LPTIM2_IRQHandler
                0x08006a50                DFSDM1_FLT1_IRQHandler
                0x08006a50                I2C3_ER_IRQHandler
                0x08006a50                DFSDM1_FLT2_IRQHandler
                0x08006a50                EXTI0_IRQHandler
                0x08006a50                I2C2_EV_IRQHandler
                0x08006a50                CAN1_RX0_IRQHandler
                0x08006a50                FPU_IRQHandler
                0x08006a50                TIM1_UP_TIM16_IRQHandler
                0x08006a50                ADC1_2_IRQHandler
                0x08006a50                SPI1_IRQHandler
                0x08006a50                TIM6_DAC_IRQHandler
                0x08006a50                TIM8_UP_IRQHandler
                0x08006a50                DMA2_Channel2_IRQHandler
                0x08006a50                DMA1_Channel4_IRQHandler
                0x08006a50                SAI2_IRQHandler
                0x08006a50                DFSDM1_FLT3_IRQHandler
                0x08006a50                USART3_IRQHandler
                0x08006a50                DMA1_Channel7_IRQHandler
                0x08006a50                CAN1_RX1_IRQHandler
                0x08006a50                LCD_IRQHandler
                0x08006a50                UART5_IRQHandler
                0x08006a50                ADC3_IRQHandler
                0x08006a50                TIM4_IRQHandler
                0x08006a50                DMA2_Channel1_IRQHandler
                0x08006a50                QUADSPI_IRQHandler
                0x08006a50                I2C1_EV_IRQHandler
                0x08006a50                DMA1_Channel6_IRQHandler
                0x08006a50                UART4_IRQHandler
                0x08006a50                DMA2_Channel4_IRQHandler
                0x08006a50                TIM3_IRQHandler
                0x08006a50                RCC_IRQHandler
                0x08006a50                DMA1_Channel1_IRQHandler
                0x08006a50                Default_Handler
                0x08006a50                DMA2_Channel7_IRQHandler
                0x08006a50                EXTI15_10_IRQHandler
                0x08006a50                TIM7_IRQHandler
                0x08006a50                SDMMC1_IRQHandler
                0x08006a50                TIM5_IRQHandler
                0x08006a50                I2C3_EV_IRQHandler
                0x08006a50                EXTI9_5_IRQHandler
                0x08006a50                RTC_WKUP_IRQHandler
                0x08006a50                PVD_PVM_IRQHandler
                0x08006a50                SPI2_IRQHandler
                0x08006a50                CAN1_TX_IRQHandler
                0x08006a50                DMA2_Channel5_IRQHandler
                0x08006a50                DMA1_Channel5_IRQHandler
                0x08006a50                EXTI4_IRQHandler
                0x08006a50                RNG_IRQHandler
                0x08006a50                TIM1_TRG_COM_TIM17_IRQHandler
                0x08006a50                DMA1_Channel3_IRQHandler
                0x08006a50                COMP_IRQHandler
                0x08006a50                WWDG_IRQHandler
                0x08006a50                LPUART1_IRQHandler
                0x08006a50                DMA2_Channel6_IRQHandler
                0x08006a50                TIM2_IRQHandler
                0x08006a50                EXTI1_IRQHandler
                0x08006a50                USART2_IRQHandler
                0x08006a50                DFSDM1_FLT0_IRQHandler
                0x08006a50                I2C2_ER_IRQHandler
                0x08006a50                DMA1_Channel2_IRQHandler
                0x08006a50                TIM8_BRK_IRQHandler
                0x08006a50                CAN1_SCE_IRQHandler
                0x08006a50                FLASH_IRQHandler
                0x08006a50                USART1_IRQHandler
                0x08006a50                OTG_FS_IRQHandler
                0x08006a50                SPI3_IRQHandler
                0x08006a50                I2C1_ER_IRQHandler
                0x08006a50                FMC_IRQHandler
                0x08006a50                SWPMI1_IRQHandler
                0x08006a50                LPTIM1_IRQHandler
                0x08006a50                SAI1_IRQHandler
                0x08006a50                DMA2_Channel3_IRQHandler
                0x08006a50                TIM1_BRK_TIM15_IRQHandler
 *fill*         0x08006a52        0x2 
 .text.pow      0x08006a54      0x2f0 c:/program files (x86)/atollic/truestudio for stm32 9.0.1/armtools/bin/../lib/gcc/arm-atollic-eabi/6.3.1/../../../../arm-atollic-eabi/lib/armv7e-m/fpu\libm.a(lib_a-w_pow.o)
                0x08006a54                pow
 *fill*         0x08006d44        0x4 
 .text.__ieee754_pow
                0x08006d48      0xa24 c:/program files (x86)/atollic/truestudio for stm32 9.0.1/armtools/bin/../lib/gcc/arm-atollic-eabi/6.3.1/../../../../arm-atollic-eabi/lib/armv7e-m/fpu\libm.a(lib_a-e_pow.o)
                0x08006d48                __ieee754_pow
 .text.__ieee754_sqrt
                0x0800776c      0x160 c:/program files (x86)/atollic/truestudio for stm32 9.0.1/armtools/bin/../lib/gcc/arm-atollic-eabi/6.3.1/../../../../arm-atollic-eabi/lib/armv7e-m/fpu\libm.a(lib_a-e_sqrt.o)
                0x0800776c                __ieee754_sqrt
 .text.fabs     0x080078cc        0xe c:/program files (x86)/atollic/truestudio for stm32 9.0.1/armtools/bin/../lib/gcc/arm-atollic-eabi/6.3.1/../../../../arm-atollic-eabi/lib/armv7e-m/fpu\libm.a(lib_a-s_fabs.o)
                0x080078cc                fabs
 .text.finite   0x080078da       0x10 c:/program files (x86)/atollic/truestudio for stm32 9.0.1/armtools/bin/../lib/gcc/arm-atollic-eabi/6.3.1/../../../../arm-atollic-eabi/lib/armv7e-m/fpu\libm.a(lib_a-s_finite.o)
                0x080078da                finite
 .text.matherr  0x080078ea        0x4 c:/program files (x86)/atollic/truestudio for stm32 9.0.1/armtools/bin/../lib/gcc/arm-atollic-eabi/6.3.1/../../../../arm-atollic-eabi/lib/armv7e-m/fpu\libm.a(lib_a-s_matherr.o)
                0x080078ea                matherr
 *fill*         0x080078ee        0x2 
 .text.nan      0x080078f0       0x10 c:/program files (x86)/atollic/truestudio for stm32 9.0.1/armtools/bin/../lib/gcc/arm-atollic-eabi/6.3.1/../../../../arm-atollic-eabi/lib/armv7e-m/fpu\libm.a(lib_a-s_nan.o)
                0x080078f0                nan
 .text.rint     0x08007900      0x110 c:/program files (x86)/atollic/truestudio for stm32 9.0.1/armtools/bin/../lib/gcc/arm-atollic-eabi/6.3.1/../../../../arm-atollic-eabi/lib/armv7e-m/fpu\libm.a(lib_a-s_rint.o)
                0x08007900                rint
 .text.scalbn   0x08007a10       0xf4 c:/program files (x86)/atollic/truestudio for stm32 9.0.1/armtools/bin/../lib/gcc/arm-atollic-eabi/6.3.1/../../../../arm-atollic-eabi/lib/armv7e-m/fpu\libm.a(lib_a-s_scalbn.o)
                0x08007a10                scalbn
 .text.copysign
                0x08007b04       0x1a c:/program files (x86)/atollic/truestudio for stm32 9.0.1/armtools/bin/../lib/gcc/arm-atollic-eabi/6.3.1/../../../../arm-atollic-eabi/lib/armv7e-m/fpu\libm.a(lib_a-s_copysign.o)
                0x08007b04                copysign
 *fill*         0x08007b1e        0x2 
 .text.__errno  0x08007b20        0xc c:/program files (x86)/atollic/truestudio for stm32 9.0.1/armtools/bin/../lib/gcc/arm-atollic-eabi/6.3.1/../../../../arm-atollic-eabi/lib/armv7e-m/fpu\libc_nano.a(lib_a-errno.o)
                0x08007b20                __errno
 .text.__libc_init_array
                0x08007b2c       0x48 c:/program files (x86)/atollic/truestudio for stm32 9.0.1/armtools/bin/../lib/gcc/arm-atollic-eabi/6.3.1/../../../../arm-atollic-eabi/lib/armv7e-m/fpu\libc_nano.a(lib_a-init.o)
                0x08007b2c                __libc_init_array
 .text.memset   0x08007b74       0x10 c:/program files (x86)/atollic/truestudio for stm32 9.0.1/armtools/bin/../lib/gcc/arm-atollic-eabi/6.3.1/../../../../arm-atollic-eabi/lib/armv7e-m/fpu\libc_nano.a(lib_a-memset.o)
                0x08007b74                memset
 .text.__cvt    0x08007b84       0xc2 c:/program files (x86)/atollic/truestudio for stm32 9.0.1/armtools/bin/../lib/gcc/arm-atollic-eabi/6.3.1/../../../../arm-atollic-eabi/lib/armv7e-m/fpu\libc_nano.a(lib_a-nano-vfprintf_float.o)
                0x08007b84                __cvt
 .text.__exponent
                0x08007c46       0x6a c:/program files (x86)/atollic/truestudio for stm32 9.0.1/armtools/bin/../lib/gcc/arm-atollic-eabi/6.3.1/../../../../arm-atollic-eabi/lib/armv7e-m/fpu\libc_nano.a(lib_a-nano-vfprintf_float.o)
                0x08007c46                __exponent
 .text._printf_float
                0x08007cb0      0x480 c:/program files (x86)/atollic/truestudio for stm32 9.0.1/armtools/bin/../lib/gcc/arm-atollic-eabi/6.3.1/../../../../arm-atollic-eabi/lib/armv7e-m/fpu\libc_nano.a(lib_a-nano-vfprintf_float.o)
                0x08007cb0                _printf_float
 .text._printf_common
                0x08008130       0xec c:/program files (x86)/atollic/truestudio for stm32 9.0.1/armtools/bin/../lib/gcc/arm-atollic-eabi/6.3.1/../../../../arm-atollic-eabi/lib/armv7e-m/fpu\libc_nano.a(lib_a-nano-vfprintf_i.o)
                0x08008130                _printf_common
 .text._printf_i
                0x0800821c      0x240 c:/program files (x86)/atollic/truestudio for stm32 9.0.1/armtools/bin/../lib/gcc/arm-atollic-eabi/6.3.1/../../../../arm-atollic-eabi/lib/armv7e-m/fpu\libc_nano.a(lib_a-nano-vfprintf_i.o)
                0x0800821c                _printf_i
 .text.printf   0x0800845c       0x30 c:/program files (x86)/atollic/truestudio for stm32 9.0.1/armtools/bin/../lib/gcc/arm-atollic-eabi/6.3.1/../../../../arm-atollic-eabi/lib/armv7e-m/fpu\libc_nano.a(lib_a-printf.o)
                0x0800845c                iprintf
                0x0800845c                printf
 .text._puts_r  0x0800848c       0xb8 c:/program files (x86)/atollic/truestudio for stm32 9.0.1/armtools/bin/../lib/gcc/arm-atollic-eabi/6.3.1/../../../../arm-atollic-eabi/lib/armv7e-m/fpu\libc_nano.a(lib_a-puts.o)
                0x0800848c                _puts_r
 .text.puts     0x08008544       0x10 c:/program files (x86)/atollic/truestudio for stm32 9.0.1/armtools/bin/../lib/gcc/arm-atollic-eabi/6.3.1/../../../../arm-atollic-eabi/lib/armv7e-m/fpu\libc_nano.a(lib_a-puts.o)
                0x08008544                puts
 .text.__swbuf_r
                0x08008554       0xa4 c:/program files (x86)/atollic/truestudio for stm32 9.0.1/armtools/bin/../lib/gcc/arm-atollic-eabi/6.3.1/../../../../arm-atollic-eabi/lib/armv7e-m/fpu\libc_nano.a(lib_a-wbuf.o)
                0x08008554                __swbuf_r
 .text.__swsetup_r
                0x080085f8       0xdc c:/program files (x86)/atollic/truestudio for stm32 9.0.1/armtools/bin/../lib/gcc/arm-atollic-eabi/6.3.1/../../../../arm-atollic-eabi/lib/armv7e-m/fpu\libc_nano.a(lib_a-wsetup.o)
                0x080085f8                __swsetup_r
 .text.quorem   0x080086d4      0x118 c:/program files (x86)/atollic/truestudio for stm32 9.0.1/armtools/bin/../lib/gcc/arm-atollic-eabi/6.3.1/../../../../arm-atollic-eabi/lib/armv7e-m/fpu\libc_nano.a(lib_a-dtoa.o)
 *fill*         0x080087ec        0x4 
 .text._dtoa_r  0x080087f0      0xb9c c:/program files (x86)/atollic/truestudio for stm32 9.0.1/armtools/bin/../lib/gcc/arm-atollic-eabi/6.3.1/../../../../arm-atollic-eabi/lib/armv7e-m/fpu\libc_nano.a(lib_a-dtoa.o)
                0x080087f0                _dtoa_r
 .text.__sflush_r
                0x0800938c      0x110 c:/program files (x86)/atollic/truestudio for stm32 9.0.1/armtools/bin/../lib/gcc/arm-atollic-eabi/6.3.1/../../../../arm-atollic-eabi/lib/armv7e-m/fpu\libc_nano.a(lib_a-fflush.o)
                0x0800938c                __sflush_r
 .text._fflush_r
                0x0800949c       0x54 c:/program files (x86)/atollic/truestudio for stm32 9.0.1/armtools/bin/../lib/gcc/arm-atollic-eabi/6.3.1/../../../../arm-atollic-eabi/lib/armv7e-m/fpu\libc_nano.a(lib_a-fflush.o)
                0x0800949c                _fflush_r
 .text._cleanup_r
                0x080094f0        0xc c:/program files (x86)/atollic/truestudio for stm32 9.0.1/armtools/bin/../lib/gcc/arm-atollic-eabi/6.3.1/../../../../arm-atollic-eabi/lib/armv7e-m/fpu\libc_nano.a(lib_a-findfp.o)
                0x080094f0                _cleanup_r
 .text.std.isra.0
                0x080094fc       0x48 c:/program files (x86)/atollic/truestudio for stm32 9.0.1/armtools/bin/../lib/gcc/arm-atollic-eabi/6.3.1/../../../../arm-atollic-eabi/lib/armv7e-m/fpu\libc_nano.a(lib_a-findfp.o)
 .text.__sfmoreglue
                0x08009544       0x2c c:/program files (x86)/atollic/truestudio for stm32 9.0.1/armtools/bin/../lib/gcc/arm-atollic-eabi/6.3.1/../../../../arm-atollic-eabi/lib/armv7e-m/fpu\libc_nano.a(lib_a-findfp.o)
                0x08009544                __sfmoreglue
 .text.__sinit  0x08009570       0x60 c:/program files (x86)/atollic/truestudio for stm32 9.0.1/armtools/bin/../lib/gcc/arm-atollic-eabi/6.3.1/../../../../arm-atollic-eabi/lib/armv7e-m/fpu\libc_nano.a(lib_a-findfp.o)
                0x08009570                __sinit
 .text.__sfp    0x080095d0       0x78 c:/program files (x86)/atollic/truestudio for stm32 9.0.1/armtools/bin/../lib/gcc/arm-atollic-eabi/6.3.1/../../../../arm-atollic-eabi/lib/armv7e-m/fpu\libc_nano.a(lib_a-findfp.o)
                0x080095d0                __sfp
 .text._fwalk_reent
                0x08009648       0x3c c:/program files (x86)/atollic/truestudio for stm32 9.0.1/armtools/bin/../lib/gcc/arm-atollic-eabi/6.3.1/../../../../arm-atollic-eabi/lib/armv7e-m/fpu\libc_nano.a(lib_a-fwalk.o)
                0x08009648                _fwalk_reent
 .text._localeconv_r
                0x08009684       0x1c c:/program files (x86)/atollic/truestudio for stm32 9.0.1/armtools/bin/../lib/gcc/arm-atollic-eabi/6.3.1/../../../../arm-atollic-eabi/lib/armv7e-m/fpu\libc_nano.a(lib_a-localeconv.o)
                0x08009684                _localeconv_r
 .text.__swhatbuf_r
                0x080096a0       0x48 c:/program files (x86)/atollic/truestudio for stm32 9.0.1/armtools/bin/../lib/gcc/arm-atollic-eabi/6.3.1/../../../../arm-atollic-eabi/lib/armv7e-m/fpu\libc_nano.a(lib_a-makebuf.o)
                0x080096a0                __swhatbuf_r
 .text.__smakebuf_r
                0x080096e8       0x80 c:/program files (x86)/atollic/truestudio for stm32 9.0.1/armtools/bin/../lib/gcc/arm-atollic-eabi/6.3.1/../../../../arm-atollic-eabi/lib/armv7e-m/fpu\libc_nano.a(lib_a-makebuf.o)
                0x080096e8                __smakebuf_r
 .text.malloc   0x08009768       0x10 c:/program files (x86)/atollic/truestudio for stm32 9.0.1/armtools/bin/../lib/gcc/arm-atollic-eabi/6.3.1/../../../../arm-atollic-eabi/lib/armv7e-m/fpu\libc_nano.a(lib_a-malloc.o)
                0x08009768                malloc
 .text.memcpy   0x08009778       0x16 c:/program files (x86)/atollic/truestudio for stm32 9.0.1/armtools/bin/../lib/gcc/arm-atollic-eabi/6.3.1/../../../../arm-atollic-eabi/lib/armv7e-m/fpu\libc_nano.a(lib_a-memcpy-stub.o)
                0x08009778                memcpy
 .text._Balloc  0x0800978e       0x68 c:/program files (x86)/atollic/truestudio for stm32 9.0.1/armtools/bin/../lib/gcc/arm-atollic-eabi/6.3.1/../../../../arm-atollic-eabi/lib/armv7e-m/fpu\libc_nano.a(lib_a-mprec.o)
                0x0800978e                _Balloc
 .text._Bfree   0x080097f6       0x2e c:/program files (x86)/atollic/truestudio for stm32 9.0.1/armtools/bin/../lib/gcc/arm-atollic-eabi/6.3.1/../../../../arm-atollic-eabi/lib/armv7e-m/fpu\libc_nano.a(lib_a-mprec.o)
                0x080097f6                _Bfree
 .text.__multadd
                0x08009824       0x76 c:/program files (x86)/atollic/truestudio for stm32 9.0.1/armtools/bin/../lib/gcc/arm-atollic-eabi/6.3.1/../../../../arm-atollic-eabi/lib/armv7e-m/fpu\libc_nano.a(lib_a-mprec.o)
                0x08009824                __multadd
 .text.__hi0bits
                0x0800989a       0x3e c:/program files (x86)/atollic/truestudio for stm32 9.0.1/armtools/bin/../lib/gcc/arm-atollic-eabi/6.3.1/../../../../arm-atollic-eabi/lib/armv7e-m/fpu\libc_nano.a(lib_a-mprec.o)
                0x0800989a                __hi0bits
 .text.__lo0bits
                0x080098d8       0x5e c:/program files (x86)/atollic/truestudio for stm32 9.0.1/armtools/bin/../lib/gcc/arm-atollic-eabi/6.3.1/../../../../arm-atollic-eabi/lib/armv7e-m/fpu\libc_nano.a(lib_a-mprec.o)
                0x080098d8                __lo0bits
 .text.__i2b    0x08009936       0x12 c:/program files (x86)/atollic/truestudio for stm32 9.0.1/armtools/bin/../lib/gcc/arm-atollic-eabi/6.3.1/../../../../arm-atollic-eabi/lib/armv7e-m/fpu\libc_nano.a(lib_a-mprec.o)
                0x08009936                __i2b
 .text.__multiply
                0x08009948      0x11a c:/program files (x86)/atollic/truestudio for stm32 9.0.1/armtools/bin/../lib/gcc/arm-atollic-eabi/6.3.1/../../../../arm-atollic-eabi/lib/armv7e-m/fpu\libc_nano.a(lib_a-mprec.o)
                0x08009948                __multiply
 *fill*         0x08009a62        0x2 
 .text.__pow5mult
                0x08009a64       0x9c c:/program files (x86)/atollic/truestudio for stm32 9.0.1/armtools/bin/../lib/gcc/arm-atollic-eabi/6.3.1/../../../../arm-atollic-eabi/lib/armv7e-m/fpu\libc_nano.a(lib_a-mprec.o)
                0x08009a64                __pow5mult
 .text.__lshift
                0x08009b00       0xa2 c:/program files (x86)/atollic/truestudio for stm32 9.0.1/armtools/bin/../lib/gcc/arm-atollic-eabi/6.3.1/../../../../arm-atollic-eabi/lib/armv7e-m/fpu\libc_nano.a(lib_a-mprec.o)
                0x08009b00                __lshift
 .text.__mcmp   0x08009ba2       0x34 c:/program files (x86)/atollic/truestudio for stm32 9.0.1/armtools/bin/../lib/gcc/arm-atollic-eabi/6.3.1/../../../../arm-atollic-eabi/lib/armv7e-m/fpu\libc_nano.a(lib_a-mprec.o)
                0x08009ba2                __mcmp
 .text.__mdiff  0x08009bd6       0xbc c:/program files (x86)/atollic/truestudio for stm32 9.0.1/armtools/bin/../lib/gcc/arm-atollic-eabi/6.3.1/../../../../arm-atollic-eabi/lib/armv7e-m/fpu\libc_nano.a(lib_a-mprec.o)
                0x08009bd6                __mdiff
 .text.__d2b    0x08009c92       0x9e c:/program files (x86)/atollic/truestudio for stm32 9.0.1/armtools/bin/../lib/gcc/arm-atollic-eabi/6.3.1/../../../../arm-atollic-eabi/lib/armv7e-m/fpu\libc_nano.a(lib_a-mprec.o)
                0x08009c92                __d2b
 .text._calloc_r
                0x08009d30       0x1c c:/program files (x86)/atollic/truestudio for stm32 9.0.1/armtools/bin/../lib/gcc/arm-atollic-eabi/6.3.1/../../../../arm-atollic-eabi/lib/armv7e-m/fpu\libc_nano.a(lib_a-nano-callocr.o)
                0x08009d30                _calloc_r
 .text._free_r  0x08009d4c       0x9c c:/program files (x86)/atollic/truestudio for stm32 9.0.1/armtools/bin/../lib/gcc/arm-atollic-eabi/6.3.1/../../../../arm-atollic-eabi/lib/armv7e-m/fpu\libc_nano.a(lib_a-nano-freer.o)
                0x08009d4c                _free_r
 .text._malloc_r
                0x08009de8       0xbc c:/program files (x86)/atollic/truestudio for stm32 9.0.1/armtools/bin/../lib/gcc/arm-atollic-eabi/6.3.1/../../../../arm-atollic-eabi/lib/armv7e-m/fpu\libc_nano.a(lib_a-nano-mallocr.o)
                0x08009de8                _malloc_r
 .text.__sfputc_r
                0x08009ea4       0x30 c:/program files (x86)/atollic/truestudio for stm32 9.0.1/armtools/bin/../lib/gcc/arm-atollic-eabi/6.3.1/../../../../arm-atollic-eabi/lib/armv7e-m/fpu\libc_nano.a(lib_a-nano-vfprintf.o)
 .text.__sfputs_r
                0x08009ed4       0x24 c:/program files (x86)/atollic/truestudio for stm32 9.0.1/armtools/bin/../lib/gcc/arm-atollic-eabi/6.3.1/../../../../arm-atollic-eabi/lib/armv7e-m/fpu\libc_nano.a(lib_a-nano-vfprintf.o)
                0x08009ed4                __sfputs_r
 .text._vfprintf_r
                0x08009ef8      0x22c c:/program files (x86)/atollic/truestudio for stm32 9.0.1/armtools/bin/../lib/gcc/arm-atollic-eabi/6.3.1/../../../../arm-atollic-eabi/lib/armv7e-m/fpu\libc_nano.a(lib_a-nano-vfprintf.o)
                0x08009ef8                _vfprintf_r
                0x08009ef8                _vfiprintf_r
 .text._sbrk_r  0x0800a124       0x20 c:/program files (x86)/atollic/truestudio for stm32 9.0.1/armtools/bin/../lib/gcc/arm-atollic-eabi/6.3.1/../../../../arm-atollic-eabi/lib/armv7e-m/fpu\libc_nano.a(lib_a-sbrkr.o)
                0x0800a124                _sbrk_r
 .text.__sread  0x0800a144       0x22 c:/program files (x86)/atollic/truestudio for stm32 9.0.1/armtools/bin/../lib/gcc/arm-atollic-eabi/6.3.1/../../../../arm-atollic-eabi/lib/armv7e-m/fpu\libc_nano.a(lib_a-stdio.o)
                0x0800a144                __sread
 .text.__swrite
                0x0800a166       0x38 c:/program files (x86)/atollic/truestudio for stm32 9.0.1/armtools/bin/../lib/gcc/arm-atollic-eabi/6.3.1/../../../../arm-atollic-eabi/lib/armv7e-m/fpu\libc_nano.a(lib_a-stdio.o)
                0x0800a166                __swrite
 .text.__sseek  0x0800a19e       0x24 c:/program files (x86)/atollic/truestudio for stm32 9.0.1/armtools/bin/../lib/gcc/arm-atollic-eabi/6.3.1/../../../../arm-atollic-eabi/lib/armv7e-m/fpu\libc_nano.a(lib_a-stdio.o)
                0x0800a19e                __sseek
 .text.__sclose
                0x0800a1c2        0x8 c:/program files (x86)/atollic/truestudio for stm32 9.0.1/armtools/bin/../lib/gcc/arm-atollic-eabi/6.3.1/../../../../arm-atollic-eabi/lib/armv7e-m/fpu\libc_nano.a(lib_a-stdio.o)
                0x0800a1c2                __sclose
 *fill*         0x0800a1ca        0x2 
 .text._write_r
                0x0800a1cc       0x24 c:/program files (x86)/atollic/truestudio for stm32 9.0.1/armtools/bin/../lib/gcc/arm-atollic-eabi/6.3.1/../../../../arm-atollic-eabi/lib/armv7e-m/fpu\libc_nano.a(lib_a-writer.o)
                0x0800a1cc                _write_r
 .text._close_r
                0x0800a1f0       0x20 c:/program files (x86)/atollic/truestudio for stm32 9.0.1/armtools/bin/../lib/gcc/arm-atollic-eabi/6.3.1/../../../../arm-atollic-eabi/lib/armv7e-m/fpu\libc_nano.a(lib_a-closer.o)
                0x0800a1f0                _close_r
 .text._fstat_r
                0x0800a210       0x24 c:/program files (x86)/atollic/truestudio for stm32 9.0.1/armtools/bin/../lib/gcc/arm-atollic-eabi/6.3.1/../../../../arm-atollic-eabi/lib/armv7e-m/fpu\libc_nano.a(lib_a-fstatr.o)
                0x0800a210                _fstat_r
 .text._isatty_r
                0x0800a234       0x20 c:/program files (x86)/atollic/truestudio for stm32 9.0.1/armtools/bin/../lib/gcc/arm-atollic-eabi/6.3.1/../../../../arm-atollic-eabi/lib/armv7e-m/fpu\libc_nano.a(lib_a-isattyr.o)
                0x0800a234                _isatty_r
 .text._lseek_r
                0x0800a254       0x24 c:/program files (x86)/atollic/truestudio for stm32 9.0.1/armtools/bin/../lib/gcc/arm-atollic-eabi/6.3.1/../../../../arm-atollic-eabi/lib/armv7e-m/fpu\libc_nano.a(lib_a-lseekr.o)
                0x0800a254                _lseek_r
 .text.__ascii_mbtowc
                0x0800a278       0x24 c:/program files (x86)/atollic/truestudio for stm32 9.0.1/armtools/bin/../lib/gcc/arm-atollic-eabi/6.3.1/../../../../arm-atollic-eabi/lib/armv7e-m/fpu\libc_nano.a(lib_a-mbtowc_r.o)
                0x0800a278                __ascii_mbtowc
 .text.__malloc_lock
                0x0800a29c        0x2 c:/program files (x86)/atollic/truestudio for stm32 9.0.1/armtools/bin/../lib/gcc/arm-atollic-eabi/6.3.1/../../../../arm-atollic-eabi/lib/armv7e-m/fpu\libc_nano.a(lib_a-mlock.o)
                0x0800a29c                __malloc_lock
 .text.__malloc_unlock
                0x0800a29e        0x2 c:/program files (x86)/atollic/truestudio for stm32 9.0.1/armtools/bin/../lib/gcc/arm-atollic-eabi/6.3.1/../../../../arm-atollic-eabi/lib/armv7e-m/fpu\libc_nano.a(lib_a-mlock.o)
                0x0800a29e                __malloc_unlock
 .text._read_r  0x0800a2a0       0x24 c:/program files (x86)/atollic/truestudio for stm32 9.0.1/armtools/bin/../lib/gcc/arm-atollic-eabi/6.3.1/../../../../arm-atollic-eabi/lib/armv7e-m/fpu\libc_nano.a(lib_a-readr.o)
                0x0800a2a0                _read_r
 .text.__ascii_wctomb
                0x0800a2c4       0x1a c:/program files (x86)/atollic/truestudio for stm32 9.0.1/armtools/bin/../lib/gcc/arm-atollic-eabi/6.3.1/../../../../arm-atollic-eabi/lib/armv7e-m/fpu\libc_nano.a(lib_a-wctomb_r.o)
                0x0800a2c4                __ascii_wctomb
 .text.abort    0x0800a2de        0xe c:/program files (x86)/atollic/truestudio for stm32 9.0.1/armtools/bin/../lib/gcc/arm-atollic-eabi/6.3.1/../../../../arm-atollic-eabi/lib/armv7e-m/fpu\libc_nano.a(lib_a-abort.o)
                0x0800a2de                abort
 .text._raise_r
                0x0800a2ec       0x50 c:/program files (x86)/atollic/truestudio for stm32 9.0.1/armtools/bin/../lib/gcc/arm-atollic-eabi/6.3.1/../../../../arm-atollic-eabi/lib/armv7e-m/fpu\libc_nano.a(lib_a-signal.o)
                0x0800a2ec                _raise_r
 .text.raise    0x0800a33c       0x10 c:/program files (x86)/atollic/truestudio for stm32 9.0.1/armtools/bin/../lib/gcc/arm-atollic-eabi/6.3.1/../../../../arm-atollic-eabi/lib/armv7e-m/fpu\libc_nano.a(lib_a-signal.o)
                0x0800a33c                raise
 .text._kill_r  0x0800a34c       0x24 c:/program files (x86)/atollic/truestudio for stm32 9.0.1/armtools/bin/../lib/gcc/arm-atollic-eabi/6.3.1/../../../../arm-atollic-eabi/lib/armv7e-m/fpu\libc_nano.a(lib_a-signalr.o)
                0x0800a34c                _kill_r
 .text._getpid_r
                0x0800a370        0x4 c:/program files (x86)/atollic/truestudio for stm32 9.0.1/armtools/bin/../lib/gcc/arm-atollic-eabi/6.3.1/../../../../arm-atollic-eabi/lib/armv7e-m/fpu\libc_nano.a(lib_a-signalr.o)
                0x0800a370                _getpid_r
 *(.glue_7)
 .glue_7        0x0800a374        0x0 linker stubs
 *(.glue_7t)
 .glue_7t       0x0800a374        0x0 linker stubs
 *(.eh_frame)
 .eh_frame      0x0800a374        0x0 c:/program files (x86)/atollic/truestudio for stm32 9.0.1/armtools/bin/../lib/gcc/arm-atollic-eabi/6.3.1/armv7e-m/fpu/crtbegin.o
 *(.init)
 .init          0x0800a374        0x4 c:/program files (x86)/atollic/truestudio for stm32 9.0.1/armtools/bin/../lib/gcc/arm-atollic-eabi/6.3.1/armv7e-m/fpu/crti.o
                0x0800a374                _init
 .init          0x0800a378        0x8 c:/program files (x86)/atollic/truestudio for stm32 9.0.1/armtools/bin/../lib/gcc/arm-atollic-eabi/6.3.1/armv7e-m/fpu/crtn.o
 *(.fini)
 .fini          0x0800a380        0x4 c:/program files (x86)/atollic/truestudio for stm32 9.0.1/armtools/bin/../lib/gcc/arm-atollic-eabi/6.3.1/armv7e-m/fpu/crti.o
                0x0800a380                _fini
 .fini          0x0800a384        0x8 c:/program files (x86)/atollic/truestudio for stm32 9.0.1/armtools/bin/../lib/gcc/arm-atollic-eabi/6.3.1/armv7e-m/fpu/crtn.o
                0x0800a38c                . = ALIGN (0x4)
                0x0800a38c                _etext = .

.vfp11_veneer   0x0800a38c        0x0
 .vfp11_veneer  0x0800a38c        0x0 linker stubs

.v4_bx          0x0800a38c        0x0
 .v4_bx         0x0800a38c        0x0 linker stubs

.iplt           0x0800a38c        0x0
 .iplt          0x0800a38c        0x0 c:/program files (x86)/atollic/truestudio for stm32 9.0.1/armtools/bin/../lib/gcc/arm-atollic-eabi/6.3.1/armv7e-m/fpu/crtbegin.o

.rodata         0x0800a390      0x7c0
                0x0800a390                . = ALIGN (0x4)
 *(.rodata)
 .rodata        0x0800a390      0x2e8 Src\BMP180\SFE_BMP180.o
 .rodata        0x0800a678      0x177 Src\main.o
 *(.rodata*)
 .rodata.CSWTCH.51
                0x0800a7ef        0x4 Drivers\STM32L4xx_HAL_Driver\Src\stm32l4xx_hal_uart.o
 .rodata.CSWTCH.52
                0x0800a7f3        0xd Drivers\STM32L4xx_HAL_Driver\Src\stm32l4xx_hal_uart.o
 .rodata.AHBPrescTable
                0x0800a800       0x10 Src\system_stm32l4xx.o
                0x0800a800                AHBPrescTable
 .rodata.APBPrescTable
                0x0800a810        0x8 Src\system_stm32l4xx.o
                0x0800a810                APBPrescTable
 .rodata.MSIRangeTable
                0x0800a818       0x30 Src\system_stm32l4xx.o
                0x0800a818                MSIRangeTable
 .rodata.pow.str1.1
                0x0800a848        0x4 c:/program files (x86)/atollic/truestudio for stm32 9.0.1/armtools/bin/../lib/gcc/arm-atollic-eabi/6.3.1/../../../../arm-atollic-eabi/lib/armv7e-m/fpu\libm.a(lib_a-w_pow.o)
 .rodata.__ieee754_pow.str1.1
                0x0800a84c        0x4 c:/program files (x86)/atollic/truestudio for stm32 9.0.1/armtools/bin/../lib/gcc/arm-atollic-eabi/6.3.1/../../../../arm-atollic-eabi/lib/armv7e-m/fpu\libm.a(lib_a-e_pow.o)
                                  0x1 (size before relaxing)
 *fill*         0x0800a84c        0x4 
 .rodata.bp     0x0800a850       0x10 c:/program files (x86)/atollic/truestudio for stm32 9.0.1/armtools/bin/../lib/gcc/arm-atollic-eabi/6.3.1/../../../../arm-atollic-eabi/lib/armv7e-m/fpu\libm.a(lib_a-e_pow.o)
 .rodata.dp_h   0x0800a860       0x10 c:/program files (x86)/atollic/truestudio for stm32 9.0.1/armtools/bin/../lib/gcc/arm-atollic-eabi/6.3.1/../../../../arm-atollic-eabi/lib/armv7e-m/fpu\libm.a(lib_a-e_pow.o)
 .rodata.dp_l   0x0800a870       0x10 c:/program files (x86)/atollic/truestudio for stm32 9.0.1/armtools/bin/../lib/gcc/arm-atollic-eabi/6.3.1/../../../../arm-atollic-eabi/lib/armv7e-m/fpu\libm.a(lib_a-e_pow.o)
 .rodata.TWO52  0x0800a880       0x10 c:/program files (x86)/atollic/truestudio for stm32 9.0.1/armtools/bin/../lib/gcc/arm-atollic-eabi/6.3.1/../../../../arm-atollic-eabi/lib/armv7e-m/fpu\libm.a(lib_a-s_rint.o)
 .rodata._global_impure_ptr
                0x0800a890        0x4 c:/program files (x86)/atollic/truestudio for stm32 9.0.1/armtools/bin/../lib/gcc/arm-atollic-eabi/6.3.1/../../../../arm-atollic-eabi/lib/armv7e-m/fpu\libc_nano.a(lib_a-impure.o)
                0x0800a890                _global_impure_ptr
 .rodata._printf_float.str1.1
                0x0800a894       0x12 c:/program files (x86)/atollic/truestudio for stm32 9.0.1/armtools/bin/../lib/gcc/arm-atollic-eabi/6.3.1/../../../../arm-atollic-eabi/lib/armv7e-m/fpu\libc_nano.a(lib_a-nano-vfprintf_float.o)
 .rodata._printf_i.str1.1
                0x0800a8a6       0x22 c:/program files (x86)/atollic/truestudio for stm32 9.0.1/armtools/bin/../lib/gcc/arm-atollic-eabi/6.3.1/../../../../arm-atollic-eabi/lib/armv7e-m/fpu\libc_nano.a(lib_a-nano-vfprintf_i.o)
 .rodata._dtoa_r.str1.1
                0x0800a8c8        0xd c:/program files (x86)/atollic/truestudio for stm32 9.0.1/armtools/bin/../lib/gcc/arm-atollic-eabi/6.3.1/../../../../arm-atollic-eabi/lib/armv7e-m/fpu\libc_nano.a(lib_a-dtoa.o)
                                  0xf (size before relaxing)
 *fill*         0x0800a8d5        0x3 
 .rodata.__sf_fake_stderr
                0x0800a8d8       0x20 c:/program files (x86)/atollic/truestudio for stm32 9.0.1/armtools/bin/../lib/gcc/arm-atollic-eabi/6.3.1/../../../../arm-atollic-eabi/lib/armv7e-m/fpu\libc_nano.a(lib_a-findfp.o)
                0x0800a8d8                __sf_fake_stderr
 .rodata.__sf_fake_stdin
                0x0800a8f8       0x20 c:/program files (x86)/atollic/truestudio for stm32 9.0.1/armtools/bin/../lib/gcc/arm-atollic-eabi/6.3.1/../../../../arm-atollic-eabi/lib/armv7e-m/fpu\libc_nano.a(lib_a-findfp.o)
                0x0800a8f8                __sf_fake_stdin
 .rodata.__sf_fake_stdout
                0x0800a918       0x20 c:/program files (x86)/atollic/truestudio for stm32 9.0.1/armtools/bin/../lib/gcc/arm-atollic-eabi/6.3.1/../../../../arm-atollic-eabi/lib/armv7e-m/fpu\libc_nano.a(lib_a-findfp.o)
                0x0800a918                __sf_fake_stdout
 .rodata.__mprec_bigtens
                0x0800a938       0x28 c:/program files (x86)/atollic/truestudio for stm32 9.0.1/armtools/bin/../lib/gcc/arm-atollic-eabi/6.3.1/../../../../arm-atollic-eabi/lib/armv7e-m/fpu\libc_nano.a(lib_a-mprec.o)
                0x0800a938                __mprec_bigtens
 .rodata.__mprec_tens
                0x0800a960       0xc8 c:/program files (x86)/atollic/truestudio for stm32 9.0.1/armtools/bin/../lib/gcc/arm-atollic-eabi/6.3.1/../../../../arm-atollic-eabi/lib/armv7e-m/fpu\libc_nano.a(lib_a-mprec.o)
                0x0800a960                __mprec_tens
 .rodata.p05.7175
                0x0800aa28        0xc c:/program files (x86)/atollic/truestudio for stm32 9.0.1/armtools/bin/../lib/gcc/arm-atollic-eabi/6.3.1/../../../../arm-atollic-eabi/lib/armv7e-m/fpu\libc_nano.a(lib_a-mprec.o)
 .rodata._vfprintf_r.str1.1
                0x0800aa34       0x11 c:/program files (x86)/atollic/truestudio for stm32 9.0.1/armtools/bin/../lib/gcc/arm-atollic-eabi/6.3.1/../../../../arm-atollic-eabi/lib/armv7e-m/fpu\libc_nano.a(lib_a-nano-vfprintf.o)
 .rodata._setlocale_r.str1.1
                0x0800aa45        0x8 c:/program files (x86)/atollic/truestudio for stm32 9.0.1/armtools/bin/../lib/gcc/arm-atollic-eabi/6.3.1/../../../../arm-atollic-eabi/lib/armv7e-m/fpu\libc_nano.a(lib_a-locale.o)
                                  0x9 (size before relaxing)
 .rodata.str1.1
                0x0800aa4d        0x2 c:/program files (x86)/atollic/truestudio for stm32 9.0.1/armtools/bin/../lib/gcc/arm-atollic-eabi/6.3.1/../../../../arm-atollic-eabi/lib/armv7e-m/fpu\libc_nano.a(lib_a-locale.o)
 .rodata._ctype_
                0x0800aa4f      0x101 c:/program files (x86)/atollic/truestudio for stm32 9.0.1/armtools/bin/../lib/gcc/arm-atollic-eabi/6.3.1/../../../../arm-atollic-eabi/lib/armv7e-m/fpu\libc_nano.a(lib_a-ctype_.o)
                0x0800aa4f                _ctype_
                0x0800ab50                . = ALIGN (0x4)

.ARM.extab      0x0800ab50      0x15c
 *(.ARM.extab* .gnu.linkonce.armextab.*)
 .ARM.extab.text._ZSt3powfi
                0x0800ab50        0x0 Src\BMP180\SFE_BMP180.o
 .ARM.extab.text._ZN10SFE_BMP1805BeginEv
                0x0800ab50        0xc Src\BMP180\SFE_BMP180.o
 .ARM.extab.text._ZN10SFE_BMP18016StartTemperatureEv
                0x0800ab5c        0xc Src\BMP180\SFE_BMP180.o
 .ARM.extab.text._ZN10SFE_BMP18014GetTemperatureERf
                0x0800ab68        0xc Src\BMP180\SFE_BMP180.o
 .ARM.extab.text._ZN10SFE_BMP18013StartPressureEi
                0x0800ab74        0xc Src\BMP180\SFE_BMP180.o
 .ARM.extab.text._ZN10SFE_BMP18011GetPressureERff
                0x0800ab80        0xc Src\BMP180\SFE_BMP180.o
 .ARM.extab.text._ZN10SFE_BMP1809ReadBytesEhPhi
                0x0800ab8c        0xc Src\BMP180\SFE_BMP180.o
 .ARM.extab.text._ZN10SFE_BMP18010WriteBytesEhPhi
                0x0800ab98        0xc Src\BMP180\SFE_BMP180.o
 .ARM.extab.text._ZSt3powIiiEN9__gnu_cxx11__promote_2IT_T0_NS0_9__promoteIS2_XsrSt12__is_integerIS2_E7__valueEE6__typeENS4_IS3_XsrS5_IS3_E7__valueEE6__typeEE6__typeES2_S3_
                0x0800aba4        0x0 Src\BMP180\SFE_BMP180.o
 .ARM.extab.text._ZN16NS_energyShield29writeByteEhhh
                0x0800aba4        0xc Src\NightShade\NS_eS2_Utilities.o
 .ARM.extab.text._ZN16NS_energyShield28readByteEhh
                0x0800abb0        0xc Src\NightShade\NS_eS2_Utilities.o
 .ARM.extab.text._ZN16NS_energyShield212writeCommandEhht
                0x0800abbc        0xc Src\NightShade\NS_eS2_Utilities.o
 .ARM.extab.text._ZN16NS_energyShield211readCommandEhh
                0x0800abc8        0xc Src\NightShade\NS_eS2_Utilities.o
 .ARM.extab.text._ZN16NS_energyShield214readSubCommandEht
                0x0800abd4        0xc Src\NightShade\NS_eS2_Utilities.o
 .ARM.extab.text._ZN16NS_energyShield213checkIfSealedEh
                0x0800abe0        0xc Src\NightShade\NS_eS2_Utilities.o
 .ARM.extab.text._ZN16NS_energyShield214setupFuelGaugeEhttth
                0x0800abec        0xc Src\NightShade\NS_eS2_Utilities.o
 .ARM.extab.text._ZN16NS_energyShield29readClockEv
                0x0800abf8        0xc Src\NightShade\NS_energyShield2.o
 .ARM.extab.text._ZN16NS_energyShield211clearAlarmsEv
                0x0800ac04        0xc Src\NightShade\NS_energyShield2.o
 .ARM.extab.text._ZN16NS_energyShield28readVMPPEv
                0x0800ac10        0xc Src\NightShade\NS_energyShield2.o
 .ARM.extab.text._ZN16NS_energyShield27setVMPPEib
                0x0800ac1c        0xc Src\NightShade\NS_energyShield2.o
 .ARM.extab.text._ZN16NS_energyShield214batteryVoltageEv
                0x0800ac28        0xc Src\NightShade\NS_energyShield2.o
 .ARM.extab.text._ZN16NS_energyShield214batteryCurrentEv
                0x0800ac34        0xc Src\NightShade\NS_energyShield2.o
 .ARM.extab.text._ZN16NS_energyShield211temperatureEv
                0x0800ac40        0xc Src\NightShade\NS_energyShield2.o
 .ARM.extab.text._ZN16NS_energyShield23SOCEv
                0x0800ac4c        0xc Src\NightShade\NS_energyShield2.o
 .ARM.extab.text._ZN16NS_energyShield218fullChargeCapacityEv
                0x0800ac58        0xc Src\NightShade\NS_energyShield2.o
 .ARM.extab.text._ZN16NS_energyShield217remainingCapacityEv
                0x0800ac64        0xc Src\NightShade\NS_energyShield2.o
 .ARM.extab.text._ZN16NS_energyShield212inputVoltageEh
                0x0800ac70        0xc Src\NightShade\NS_energyShield2.o
 .ARM.extab.text._ZN16NS_energyShield25beginEv
                0x0800ac7c        0xc Src\NightShade\NS_energyShield2.o
 .ARM.extab.text._Z18SystemClock_Configv
                0x0800ac88        0xc Src\main.o
 .ARM.extab     0x0800ac94       0x18 c:/program files (x86)/atollic/truestudio for stm32 9.0.1/armtools/bin/../lib/gcc/arm-atollic-eabi/6.3.1/armv7e-m/fpu\libgcc.a(pr-support.o)

.ARM            0x0800acac      0x1c0
                0x0800acac                __exidx_start = .
 *(.ARM.exidx*)
 .ARM.exidx.text._ZSt3powfi
                0x0800ad64        0x0 Src\BMP180\SFE_BMP180.o
                                  0x8 (size before relaxing)
 .ARM.exidx.text._ZN10SFE_BMP180C2EP19__I2C_HandleTypeDef
                0x0800ad64        0x0 Src\BMP180\SFE_BMP180.o
                                  0x8 (size before relaxing)
 .ARM.exidx.text._ZN10SFE_BMP1805BeginEv
                0x0800ad64        0x8 Src\BMP180\SFE_BMP180.o
 .ARM.exidx.text._ZN10SFE_BMP18016StartTemperatureEv
                0x0800ad6c        0x8 Src\BMP180\SFE_BMP180.o
 .ARM.exidx.text._ZN10SFE_BMP18014GetTemperatureERf
                0x0800ad74        0x8 Src\BMP180\SFE_BMP180.o
 .ARM.exidx.text._ZN10SFE_BMP18013StartPressureEi
                0x0800ad7c        0x8 Src\BMP180\SFE_BMP180.o
 .ARM.exidx.text._ZN10SFE_BMP18011GetPressureERff
                0x0800ad84        0x8 Src\BMP180\SFE_BMP180.o
 .ARM.exidx.text._ZN10SFE_BMP1809ReadBytesEhPhi
                0x0800ad8c        0x8 Src\BMP180\SFE_BMP180.o
 .ARM.exidx.text._ZN10SFE_BMP18010WriteBytesEhPhi
                0x0800ad94        0x8 Src\BMP180\SFE_BMP180.o
 .ARM.exidx.text._ZSt3powIiiEN9__gnu_cxx11__promote_2IT_T0_NS0_9__promoteIS2_XsrSt12__is_integerIS2_E7__valueEE6__typeENS4_IS3_XsrS5_IS3_E7__valueEE6__typeEE6__typeES2_S3_
                0x0800ad9c        0x8 Src\BMP180\SFE_BMP180.o
 .ARM.exidx.text._ZN16NS_energyShield29writeByteEhhh
                0x0800ada4        0x8 Src\NightShade\NS_eS2_Utilities.o
 .ARM.exidx.text._ZN16NS_energyShield28readByteEhh
                0x0800adac        0x8 Src\NightShade\NS_eS2_Utilities.o
 .ARM.exidx.text._ZN16NS_energyShield212writeCommandEhht
                0x0800adb4        0x8 Src\NightShade\NS_eS2_Utilities.o
 .ARM.exidx.text._ZN16NS_energyShield211readCommandEhh
                0x0800adbc        0x8 Src\NightShade\NS_eS2_Utilities.o
 .ARM.exidx.text._ZN16NS_energyShield214readSubCommandEht
                0x0800adc4        0x8 Src\NightShade\NS_eS2_Utilities.o
 .ARM.exidx.text._ZN16NS_energyShield213checkIfSealedEh
                0x0800adcc        0x8 Src\NightShade\NS_eS2_Utilities.o
 .ARM.exidx.text._ZN16NS_energyShield214setupFuelGaugeEhttth
                0x0800add4        0x8 Src\NightShade\NS_eS2_Utilities.o
 .ARM.exidx.text._ZN16NS_energyShield29decodeBCDEh
                0x0800addc        0x8 Src\NightShade\NS_eS2_Utilities.o
 .ARM.exidx.text._ZN16NS_energyShield2C2EP19__I2C_HandleTypeDef
                0x0800ade4        0x0 Src\NightShade\NS_energyShield2.o
                                  0x8 (size before relaxing)
 .ARM.exidx.text._ZN16NS_energyShield29readClockEv
                0x0800ade4        0x8 Src\NightShade\NS_energyShield2.o
 .ARM.exidx.text._ZN16NS_energyShield26secondEv
                0x0800adec        0x8 Src\NightShade\NS_energyShield2.o
 .ARM.exidx.text._ZN16NS_energyShield26minuteEv
                0x0800adf4        0x0 Src\NightShade\NS_energyShield2.o
                                  0x8 (size before relaxing)
 .ARM.exidx.text._ZN16NS_energyShield24hourEv
                0x0800adf4        0x0 Src\NightShade\NS_energyShield2.o
                                  0x8 (size before relaxing)
 .ARM.exidx.text._ZN16NS_energyShield210dayOfMonthEv
                0x0800adf4        0x0 Src\NightShade\NS_energyShield2.o
                                  0x8 (size before relaxing)
 .ARM.exidx.text._ZN16NS_energyShield25monthEv
                0x0800adf4        0x0 Src\NightShade\NS_energyShield2.o
                                  0x8 (size before relaxing)
 .ARM.exidx.text._ZN16NS_energyShield24yearEv
                0x0800adf4        0x0 Src\NightShade\NS_energyShield2.o
                                  0x8 (size before relaxing)
 .ARM.exidx.text._ZN16NS_energyShield211clearAlarmsEv
                0x0800adf4        0x8 Src\NightShade\NS_energyShield2.o
 .ARM.exidx.text._ZN16NS_energyShield28readVMPPEv
                0x0800adfc        0x8 Src\NightShade\NS_energyShield2.o
 .ARM.exidx.text._ZN16NS_energyShield27setVMPPEib
                0x0800ae04        0x8 Src\NightShade\NS_energyShield2.o
 .ARM.exidx.text._ZN16NS_energyShield214batteryVoltageEv
                0x0800ae0c        0x8 Src\NightShade\NS_energyShield2.o
 .ARM.exidx.text._ZN16NS_energyShield214batteryCurrentEv
                0x0800ae14        0x8 Src\NightShade\NS_energyShield2.o
 .ARM.exidx.text._ZN16NS_energyShield211temperatureEv
                0x0800ae1c        0x8 Src\NightShade\NS_energyShield2.o
 .ARM.exidx.text._ZN16NS_energyShield23SOCEv
                0x0800ae24        0x8 Src\NightShade\NS_energyShield2.o
 .ARM.exidx.text._ZN16NS_energyShield218fullChargeCapacityEv
                0x0800ae2c        0x8 Src\NightShade\NS_energyShield2.o
 .ARM.exidx.text._ZN16NS_energyShield217remainingCapacityEv
                0x0800ae34        0x8 Src\NightShade\NS_energyShield2.o
 .ARM.exidx.text._ZN16NS_energyShield212inputVoltageEh
                0x0800ae3c        0x8 Src\NightShade\NS_energyShield2.o
 .ARM.exidx.text._ZN16NS_energyShield25beginEv
                0x0800ae44       0x10 Src\NightShade\NS_energyShield2.o
                                  0x8 (size before relaxing)
 .ARM.exidx.text.main
                0x0800ae54        0x8 Src\main.o
 .ARM.exidx.text._Z18SystemClock_Configv
                0x0800ae5c        0x8 Src\main.o
 .ARM.exidx.text.Error_Handler
                0x0800ae64        0x8 Src\main.o
 .ARM.exidx.text._Z41__static_initialization_and_destruction_0ii
                0x0800ae6c        0x0 Src\main.o
                                  0x8 (size before relaxing)
 .ARM.exidx.text._GLOBAL__sub_I_Es2
                0x0800ae6c        0x0 Src\main.o
                                  0x8 (size before relaxing)
 .ARM.exidx     0x0800acac        0x8 c:/program files (x86)/atollic/truestudio for stm32 9.0.1/armtools/bin/../lib/gcc/arm-atollic-eabi/6.3.1/armv7e-m/fpu\libgcc.a(_udivmoddi4.o)
 .ARM.exidx     0x0800acb4       0x78 c:/program files (x86)/atollic/truestudio for stm32 9.0.1/armtools/bin/../lib/gcc/arm-atollic-eabi/6.3.1/armv7e-m/fpu\libgcc.a(unwind-arm.o)
                                 0xd8 (size before relaxing)
 .ARM.exidx     0x0800ad2c       0x38 c:/program files (x86)/atollic/truestudio for stm32 9.0.1/armtools/bin/../lib/gcc/arm-atollic-eabi/6.3.1/armv7e-m/fpu\libgcc.a(pr-support.o)
                                 0x48 (size before relaxing)
                0x0800ae6c                __exidx_end = .

.rel.dyn        0x0800ae6c        0x0
 .rel.iplt      0x0800ae6c        0x0 c:/program files (x86)/atollic/truestudio for stm32 9.0.1/armtools/bin/../lib/gcc/arm-atollic-eabi/6.3.1/armv7e-m/fpu/crtbegin.o

.preinit_array  0x0800ae6c        0x0
                0x0800ae6c                PROVIDE (__preinit_array_start, .)
 *(.preinit_array*)
                0x0800ae6c                PROVIDE (__preinit_array_end, .)

.init_array     0x0800ae6c        0x8
                0x0800ae6c                PROVIDE (__init_array_start, .)
 *(SORT(.init_array.*))
 *(.init_array*)
 .init_array    0x0800ae6c        0x4 c:/program files (x86)/atollic/truestudio for stm32 9.0.1/armtools/bin/../lib/gcc/arm-atollic-eabi/6.3.1/armv7e-m/fpu/crtbegin.o
 .init_array    0x0800ae70        0x4 Src\main.o
                0x0800ae74                PROVIDE (__init_array_end, .)

.fini_array     0x0800ae74        0x4
                [!provide]                PROVIDE (__fini_array_start, .)
 *(SORT(.fini_array.*))
 *(.fini_array*)
 .fini_array    0x0800ae74        0x4 c:/program files (x86)/atollic/truestudio for stm32 9.0.1/armtools/bin/../lib/gcc/arm-atollic-eabi/6.3.1/armv7e-m/fpu/crtbegin.o
                [!provide]                PROVIDE (__fini_array_end, .)
                0x0800ae78                _sidata = LOADADDR (.data)

.data           0x20000000      0x1d8 load address 0x0800ae78
                0x20000000                . = ALIGN (0x4)
                0x20000000                _sdata = .
 *(.data)
 *(.data*)
 .data.SystemCoreClock
                0x20000000        0x4 Src\system_stm32l4xx.o
                0x20000000                SystemCoreClock
 .data.__fdlib_version
                0x20000004        0x1 c:/program files (x86)/atollic/truestudio for stm32 9.0.1/armtools/bin/../lib/gcc/arm-atollic-eabi/6.3.1/../../../../arm-atollic-eabi/lib/armv7e-m/fpu\libm.a(lib_a-s_lib_ver.o)
                0x20000004                __fdlib_version
 *fill*         0x20000005        0x3 
 .data._impure_ptr
                0x20000008        0x4 c:/program files (x86)/atollic/truestudio for stm32 9.0.1/armtools/bin/../lib/gcc/arm-atollic-eabi/6.3.1/../../../../arm-atollic-eabi/lib/armv7e-m/fpu\libc_nano.a(lib_a-impure.o)
                0x20000008                _impure_ptr
 .data.impure_data
                0x2000000c       0x60 c:/program files (x86)/atollic/truestudio for stm32 9.0.1/armtools/bin/../lib/gcc/arm-atollic-eabi/6.3.1/../../../../arm-atollic-eabi/lib/armv7e-m/fpu\libc_nano.a(lib_a-impure.o)
 .data.__global_locale
                0x2000006c      0x16c c:/program files (x86)/atollic/truestudio for stm32 9.0.1/armtools/bin/../lib/gcc/arm-atollic-eabi/6.3.1/../../../../arm-atollic-eabi/lib/armv7e-m/fpu\libc_nano.a(lib_a-locale.o)
                0x2000006c                __global_locale
                0x200001d8                . = ALIGN (0x4)
                0x200001d8                _edata = .

.igot.plt       0x200001d8        0x0 load address 0x0800b050
 .igot.plt      0x200001d8        0x0 c:/program files (x86)/atollic/truestudio for stm32 9.0.1/armtools/bin/../lib/gcc/arm-atollic-eabi/6.3.1/armv7e-m/fpu/crtbegin.o
                0x200001d8                . = ALIGN (0x4)

.bss            0x200001d8      0x28c load address 0x0800b050
                0x200001d8                _sbss = .
                0x200001d8                __bss_start__ = _sbss
 *(.bss)
 .bss           0x200001d8       0x1c c:/program files (x86)/atollic/truestudio for stm32 9.0.1/armtools/bin/../lib/gcc/arm-atollic-eabi/6.3.1/armv7e-m/fpu/crtbegin.o
 .bss           0x200001f4       0x64 Src\main.o
                0x200001f4                Es2
                0x20000204                Bmp
 *(.bss*)
 .bss.heap_end.10628
                0x20000258        0x4 Src\syscalls.o
 .bss.__malloc_free_list
                0x2000025c        0x4 c:/program files (x86)/atollic/truestudio for stm32 9.0.1/armtools/bin/../lib/gcc/arm-atollic-eabi/6.3.1/../../../../arm-atollic-eabi/lib/armv7e-m/fpu\libc_nano.a(lib_a-nano-mallocr.o)
                0x2000025c                __malloc_free_list
 .bss.__malloc_sbrk_start
                0x20000260        0x4 c:/program files (x86)/atollic/truestudio for stm32 9.0.1/armtools/bin/../lib/gcc/arm-atollic-eabi/6.3.1/../../../../arm-atollic-eabi/lib/armv7e-m/fpu\libc_nano.a(lib_a-nano-mallocr.o)
                0x20000260                __malloc_sbrk_start
 *(COMMON)
 COMMON         0x20000264        0x4 Drivers\STM32L4xx_HAL_Driver\Src\stm32l4xx_hal.o
                0x20000264                uwTick
 COMMON         0x20000268       0x64 Src\adc.o
                0x20000268                hadc1
 COMMON         0x200002cc       0xe4 Src\i2c.o
                0x200002cc                hi2c3
                0x20000318                hi2c1
                0x20000364                hi2c2
 COMMON         0x200003b0       0x38 Src\lptim.o
                0x200003b0                hlptim1
 COMMON         0x200003e8       0x78 Src\usart.o
                0x200003e8                huart2
 COMMON         0x20000460        0x4 c:/program files (x86)/atollic/truestudio for stm32 9.0.1/armtools/bin/../lib/gcc/arm-atollic-eabi/6.3.1/../../../../arm-atollic-eabi/lib/armv7e-m/fpu\libc_nano.a(lib_a-reent.o)
                0x20000460                errno
                0x20000464                . = ALIGN (0x4)
                0x20000464                _ebss = .
                0x20000464                __bss_end__ = _ebss

._user_heap_stack
                0x20000464      0x600 load address 0x0800b050
                0x20000464                . = ALIGN (0x4)
                0x20000464                PROVIDE (end, .)
                [!provide]                PROVIDE (_end, .)
                0x20000664                . = (. + _Min_Heap_Size)
 *fill*         0x20000464      0x200 
                0x20000a64                . = (. + _Min_Stack_Size)
 *fill*         0x20000664      0x400 
                0x20000a64                . = ALIGN (0x4)

/DISCARD/
 libc.a(*)
 libm.a(*)
 libgcc.a(*)

.ARM.attributes
                0x00000000       0x30
 *(.ARM.attributes)
 .ARM.attributes
                0x00000000       0x22 c:/program files (x86)/atollic/truestudio for stm32 9.0.1/armtools/bin/../lib/gcc/arm-atollic-eabi/6.3.1/armv7e-m/fpu/crti.o
 .ARM.attributes
                0x00000022       0x34 c:/program files (x86)/atollic/truestudio for stm32 9.0.1/armtools/bin/../lib/gcc/arm-atollic-eabi/6.3.1/armv7e-m/fpu/crtbegin.o
 .ARM.attributes
                0x00000056       0x39 Drivers\STM32L4xx_HAL_Driver\Src\stm32l4xx_hal.o
 .ARM.attributes
                0x0000008f       0x39 Drivers\STM32L4xx_HAL_Driver\Src\stm32l4xx_hal_adc.o
 .ARM.attributes
                0x000000c8       0x39 Drivers\STM32L4xx_HAL_Driver\Src\stm32l4xx_hal_adc_ex.o
 .ARM.attributes
                0x00000101       0x39 Drivers\STM32L4xx_HAL_Driver\Src\stm32l4xx_hal_cortex.o
 .ARM.attributes
                0x0000013a       0x39 Drivers\STM32L4xx_HAL_Driver\Src\stm32l4xx_hal_gpio.o
 .ARM.attributes
                0x00000173       0x39 Drivers\STM32L4xx_HAL_Driver\Src\stm32l4xx_hal_i2c.o
 .ARM.attributes
                0x000001ac       0x39 Drivers\STM32L4xx_HAL_Driver\Src\stm32l4xx_hal_i2c_ex.o
 .ARM.attributes
                0x000001e5       0x39 Drivers\STM32L4xx_HAL_Driver\Src\stm32l4xx_hal_lptim.o
 .ARM.attributes
                0x0000021e       0x39 Drivers\STM32L4xx_HAL_Driver\Src\stm32l4xx_hal_pwr_ex.o
 .ARM.attributes
                0x00000257       0x39 Drivers\STM32L4xx_HAL_Driver\Src\stm32l4xx_hal_rcc.o
 .ARM.attributes
                0x00000290       0x39 Drivers\STM32L4xx_HAL_Driver\Src\stm32l4xx_hal_rcc_ex.o
 .ARM.attributes
                0x000002c9       0x39 Drivers\STM32L4xx_HAL_Driver\Src\stm32l4xx_hal_uart.o
 .ARM.attributes
                0x00000302       0x39 Src\BMP180\SFE_BMP180.o
 .ARM.attributes
                0x0000033b       0x39 Src\NightShade\NS_eS2_Utilities.o
 .ARM.attributes
                0x00000374       0x39 Src\NightShade\NS_energyShield2.o
 .ARM.attributes
                0x000003ad       0x39 Src\adc.o
 .ARM.attributes
                0x000003e6       0x39 Src\gpio.o
 .ARM.attributes
                0x0000041f       0x39 Src\i2c.o
 .ARM.attributes
                0x00000458       0x39 Src\lptim.o
 .ARM.attributes
                0x00000491       0x39 Src\main.o
 .ARM.attributes
                0x000004ca       0x39 Src\stm32l4xx_hal_msp.o
 .ARM.attributes
                0x00000503       0x39 Src\stm32l4xx_it.o
 .ARM.attributes
                0x0000053c       0x39 Src\syscalls.o
 .ARM.attributes
                0x00000575       0x39 Src\system_stm32l4xx.o
 .ARM.attributes
                0x000005ae       0x39 Src\usart.o
 .ARM.attributes
                0x000005e7       0x21 startup\startup_stm32l476xx.o
 .ARM.attributes
                0x00000608       0x34 c:/program files (x86)/atollic/truestudio for stm32 9.0.1/armtools/bin/../lib/gcc/arm-atollic-eabi/6.3.1/../../../../arm-atollic-eabi/lib/armv7e-m/fpu\libm.a(lib_a-w_pow.o)
 .ARM.attributes
                0x0000063c       0x34 c:/program files (x86)/atollic/truestudio for stm32 9.0.1/armtools/bin/../lib/gcc/arm-atollic-eabi/6.3.1/../../../../arm-atollic-eabi/lib/armv7e-m/fpu\libm.a(lib_a-e_pow.o)
 .ARM.attributes
                0x00000670       0x34 c:/program files (x86)/atollic/truestudio for stm32 9.0.1/armtools/bin/../lib/gcc/arm-atollic-eabi/6.3.1/../../../../arm-atollic-eabi/lib/armv7e-m/fpu\libm.a(lib_a-e_sqrt.o)
 .ARM.attributes
                0x000006a4       0x34 c:/program files (x86)/atollic/truestudio for stm32 9.0.1/armtools/bin/../lib/gcc/arm-atollic-eabi/6.3.1/../../../../arm-atollic-eabi/lib/armv7e-m/fpu\libm.a(lib_a-s_fabs.o)
 .ARM.attributes
                0x000006d8       0x34 c:/program files (x86)/atollic/truestudio for stm32 9.0.1/armtools/bin/../lib/gcc/arm-atollic-eabi/6.3.1/../../../../arm-atollic-eabi/lib/armv7e-m/fpu\libm.a(lib_a-s_finite.o)
 .ARM.attributes
                0x0000070c       0x34 c:/program files (x86)/atollic/truestudio for stm32 9.0.1/armtools/bin/../lib/gcc/arm-atollic-eabi/6.3.1/../../../../arm-atollic-eabi/lib/armv7e-m/fpu\libm.a(lib_a-s_lib_ver.o)
 .ARM.attributes
                0x00000740       0x34 c:/program files (x86)/atollic/truestudio for stm32 9.0.1/armtools/bin/../lib/gcc/arm-atollic-eabi/6.3.1/../../../../arm-atollic-eabi/lib/armv7e-m/fpu\libm.a(lib_a-s_matherr.o)
 .ARM.attributes
                0x00000774       0x34 c:/program files (x86)/atollic/truestudio for stm32 9.0.1/armtools/bin/../lib/gcc/arm-atollic-eabi/6.3.1/../../../../arm-atollic-eabi/lib/armv7e-m/fpu\libm.a(lib_a-s_nan.o)
 .ARM.attributes
                0x000007a8       0x34 c:/program files (x86)/atollic/truestudio for stm32 9.0.1/armtools/bin/../lib/gcc/arm-atollic-eabi/6.3.1/../../../../arm-atollic-eabi/lib/armv7e-m/fpu\libm.a(lib_a-s_rint.o)
 .ARM.attributes
                0x000007dc       0x34 c:/program files (x86)/atollic/truestudio for stm32 9.0.1/armtools/bin/../lib/gcc/arm-atollic-eabi/6.3.1/../../../../arm-atollic-eabi/lib/armv7e-m/fpu\libm.a(lib_a-s_scalbn.o)
 .ARM.attributes
                0x00000810       0x34 c:/program files (x86)/atollic/truestudio for stm32 9.0.1/armtools/bin/../lib/gcc/arm-atollic-eabi/6.3.1/../../../../arm-atollic-eabi/lib/armv7e-m/fpu\libm.a(lib_a-s_copysign.o)
 .ARM.attributes
                0x00000844       0x34 c:/program files (x86)/atollic/truestudio for stm32 9.0.1/armtools/bin/../lib/gcc/arm-atollic-eabi/6.3.1/../../../../arm-atollic-eabi/lib/armv7e-m/fpu\libc_nano.a(lib_a-errno.o)
 .ARM.attributes
                0x00000878       0x34 c:/program files (x86)/atollic/truestudio for stm32 9.0.1/armtools/bin/../lib/gcc/arm-atollic-eabi/6.3.1/../../../../arm-atollic-eabi/lib/armv7e-m/fpu\libc_nano.a(lib_a-impure.o)
 .ARM.attributes
                0x000008ac       0x34 c:/program files (x86)/atollic/truestudio for stm32 9.0.1/armtools/bin/../lib/gcc/arm-atollic-eabi/6.3.1/../../../../arm-atollic-eabi/lib/armv7e-m/fpu\libc_nano.a(lib_a-init.o)
 .ARM.attributes
                0x000008e0       0x34 c:/program files (x86)/atollic/truestudio for stm32 9.0.1/armtools/bin/../lib/gcc/arm-atollic-eabi/6.3.1/../../../../arm-atollic-eabi/lib/armv7e-m/fpu\libc_nano.a(lib_a-memset.o)
 .ARM.attributes
                0x00000914       0x34 c:/program files (x86)/atollic/truestudio for stm32 9.0.1/armtools/bin/../lib/gcc/arm-atollic-eabi/6.3.1/../../../../arm-atollic-eabi/lib/armv7e-m/fpu\libc_nano.a(lib_a-nano-vfprintf_float.o)
 .ARM.attributes
                0x00000948       0x34 c:/program files (x86)/atollic/truestudio for stm32 9.0.1/armtools/bin/../lib/gcc/arm-atollic-eabi/6.3.1/../../../../arm-atollic-eabi/lib/armv7e-m/fpu\libc_nano.a(lib_a-nano-vfprintf_i.o)
 .ARM.attributes
                0x0000097c       0x34 c:/program files (x86)/atollic/truestudio for stm32 9.0.1/armtools/bin/../lib/gcc/arm-atollic-eabi/6.3.1/../../../../arm-atollic-eabi/lib/armv7e-m/fpu\libc_nano.a(lib_a-printf.o)
 .ARM.attributes
                0x000009b0       0x34 c:/program files (x86)/atollic/truestudio for stm32 9.0.1/armtools/bin/../lib/gcc/arm-atollic-eabi/6.3.1/../../../../arm-atollic-eabi/lib/armv7e-m/fpu\libc_nano.a(lib_a-puts.o)
 .ARM.attributes
                0x000009e4       0x1b c:/program files (x86)/atollic/truestudio for stm32 9.0.1/armtools/bin/../lib/gcc/arm-atollic-eabi/6.3.1/../../../../arm-atollic-eabi/lib/armv7e-m/fpu\libc_nano.a(lib_a-strlen.o)
 .ARM.attributes